Script started on 2025-03-06 15:41:00+03:00 [COMMAND="./logger.sh" TERM="xterm-256color" TTY="/dev/pts/3" COLUMNS="189" LINES="6"]
=================================================================
                   –û–¢–ß–Å–¢ –ü–û –õ–ê–ë–û–†–ê–¢–û–†–ù–û–ô –†–ê–ë–û–¢–ï
=================================================================
–î–∞—Ç–∞ –∏—Å–ø–æ–ª–Ω–µ–Ω–∏—è –æ—Ç—á—ë—Ç–∞: 2025-03-06 15:41:00
–ò–¥–µ–Ω—Ç–∏—Ñ–∏–∫–∞—Ü–∏—è –∏—Å–ø–æ–ª–Ω–∏—Ç–µ–ª—è: root
–ì—Ä—É–ø–ø–∞: 3343
–§–ò–û: –ì—Ä–µ–±–Ω–µ–≤ –ï–≥–æ—Ä –î–º–∏—Ç—Ä–∏–µ–≤–∏—á
-----------------------------------------------------------------

[2025-03-06 15:41:00] –ü–†–û–§–ò–õ–¨ –°–ò–°–¢–ï–ú–´

[2025-03-06 15:41:00] >>> –ò–Ω—Ñ–æ—Ä–º–∞—Ü–∏—è –æ –ø—Ä–æ—Ü–µ—Å—Å–æ—Ä–µ (lscpu) <<<


root@immortal-virtualbox:/home/immortal/labs/Malinovskii_Aleksandr_lb2$ lscpu
–ê—Ä—Ö–∏—Ç–µ–∫—Ç—É—Ä–∞:                          x86_64
CPU op-mode(s):                       32-bit, 64-bit
Address sizes:                        39 bits physical, 48 bits virtual
–ü–æ—Ä—è–¥–æ–∫ –±–∞–π—Ç:                         Little Endian
CPU(s):                               4
On-line CPU(s) list:                  0-3
ID –ø—Ä—Ä–æ–∏–∑–≤–æ–¥–∏—Ç–µ–ª—è:                    GenuineIntel
–ò–º—è –º–æ–¥–µ–ª–∏:                           11th Gen Intel(R) Core(TM) i5-1155G7 @ 2.50GHz
BIOS Model name:                        CPU @ 0.0GHz
BIOS CPU family:                      0
–°–µ–º–µ–π—Å—Ç–≤–æ –¶–ü–£:                        6
–ú–æ–¥–µ–ª—å:                               140
–ü–æ—Ç–æ–∫–æ–≤ –Ω–∞ —è–¥—Ä–æ:                      1
–Ø–¥–µ—Ä –Ω–∞ —Å–æ–∫–µ—Ç:                        4
–°–æ–∫–µ—Ç–æ–≤:                              1
–°—Ç–µ–ø–ø–∏–Ω–≥:                             2
BogoMIPS:                             4992,02
–§–ª–∞–≥–∏:                                fpu vme de pse tsc msr pae mce cx8 apic sep mtrr pge mca cmov pat pse36 clflush mmx fxsr sse sse2 ht syscall nx rdtscp lm constant_tsc rep_good nopl xtopology nonstop_tsc cpuid tsc_known_freq pni pclmulqdq ssse3 cx16 pcid sse4_1 sse4_2 movbe popcnt aes rdrand hypervisor lahf_lm abm 3dnowprefetch ibrs_enhanced fsgsbase bmi1 bmi2 invpcid rdseed adx clflushopt sha_ni arat md_clear flush_l1d arch_capabilities
–†–∞–∑—Ä–∞–±–æ—Ç—á–∏–∫ –≥–∏–ø–µ—Ä–≤–∏–∑–æ—Ä–∞:              KVM
–¢–∏–ø –≤–∏—Ä—Ç—É–∞–ª–∏–∑–∞—Ü–∏–∏:                    –ø–æ–ª–Ω—ã–π
L1d cache:                            192 KiB (4 instances)
L1i cache:                            128 KiB (4 instances)
L2 cache:                             5 MiB (4 instances)
L3 cache:                             32 MiB (4 instances)
NUMA node(s):                         1
NUMA node0 CPU(s):                    0-3
Vulnerability Gather data sampling:   Not affected
Vulnerability Itlb multihit:          Not affected
Vulnerability L1tf:                   Not affected
Vulnerability Mds:                    Not affected
Vulnerability Meltdown:               Not affected
Vulnerability Mmio stale data:        Not affected
Vulnerability Reg file data sampling: Not affected
Vulnerability Retbleed:               Mitigation; Enhanced IBRS
Vulnerability Spec rstack overflow:   Not affected
Vulnerability Spec store bypass:      Vulnerable
Vulnerability Spectre v1:             Mitigation; usercopy/swapgs barriers and __user pointer sanitization
Vulnerability Spectre v2:             Mitigation; Enhanced / Automatic IBRS; RSB filling; PBRSB-eIBRS SW sequence; BHI SW loop, KVM SW loop
Vulnerability Srbds:                  Not affected
Vulnerability Tsx async abort:        Not affected


[2025-03-06 15:41:00] >>> –ò–Ω—Ñ–æ—Ä–º–∞—Ü–∏—è –æ –ø–∞–º—è—Ç–∏ (free -h) <<<


root@immortal-virtualbox:/home/immortal/labs/Malinovskii_Aleksandr_lb2$ free -h
               –≤—Å–µ–≥–æ        –∑–∞–Ω—è—Ç        —Å–≤–æ–±      –æ–±—â–∞—è  –±—É—Ñ/–≤—Ä–µ–º.   –¥–æ—Å—Ç—É–ø–Ω–æ
–ü–∞–º—è—Ç—å:        3,8Gi       2,4Gi       207Mi       136Mi       1,6Gi       1,4Gi
–ü–æ–¥–∫–∞—á–∫–∞:      511Mi          0B       511Mi


[2025-03-06 15:41:00] >>> –ò–Ω—Ñ–æ—Ä–º–∞—Ü–∏—è –æ –¥–∏—Å–∫–∞—Ö (lsblk) <<<


root@immortal-virtualbox:/home/immortal/labs/Malinovskii_Aleksandr_lb2$ lsblk
NAME   MAJ:MIN RM   SIZE RO TYPE MOUNTPOINTS
loop0    7:0    0  74,2M  1 loop /snap/core22/1621
loop1    7:1    0     4K  1 loop /snap/bare/5
loop2    7:2    0  73,9M  1 loop /snap/core22/1748
loop3    7:3    0   258M  1 loop /snap/firefox/5751
loop4    7:4    0 257,9M  1 loop /snap/firefox/5783
loop5    7:5    0  11,1M  1 loop /snap/firmware-updater/167
loop6    7:6    0 505,1M  1 loop /snap/gnome-42-2204/176
loop7    7:7    0  10,7M  1 loop /snap/firmware-updater/127
loop8    7:8    0   516M  1 loop /snap/gnome-42-2204/202
loop9    7:9    0  89,7M  1 loop /snap/gtk-common-themes/1536
loop10   7:10   0   125M  1 loop /snap/gtk-theme-breeze/2
loop11   7:11   0  91,7M  1 loop /snap/gtk-common-themes/1535
loop12   7:12   0   264K  1 loop /snap/gtk-theme-breeze/5
loop13   7:13   0    14M  1 loop /snap/icon-theme-breeze/3
loop14   7:14   0  13,2M  1 loop /snap/icon-theme-breeze/5
loop15   7:15   0  44,4M  1 loop /snap/snapd/23545
loop16   7:16   0  44,4M  1 loop /snap/snapd/23771
loop17   7:17   0 210,4M  1 loop /snap/thunderbird/663
loop18   7:18   0 210,4M  1 loop /snap/thunderbird/644
sda      8:0    0    20G  0 disk 
‚îî‚îÄsda1   8:1    0    20G  0 part /
sr0     11:0    1  57,4M  0 rom  


[2025-03-06 15:41:00] >>> –ò–Ω—Ñ–æ—Ä–º–∞—Ü–∏—è –æ —Å–µ—Ç–µ–≤—ã—Ö –∏–Ω—Ç–µ—Ä—Ñ–µ–π—Å–∞—Ö (ip a) <<<


root@immortal-virtualbox:/home/immortal/labs/Malinovskii_Aleksandr_lb2$ ip a
1: lo: <LOOPBACK,UP,LOWER_UP> mtu 65536 qdisc noqueue state UNKNOWN group default qlen 1000
    link/loopback 00:00:00:00:00:00 brd 00:00:00:00:00:00
    inet 127.0.0.1/8 scope host lo
       valid_lft forever preferred_lft forever
    inet6 ::1/128 scope host noprefixroute 
       valid_lft forever preferred_lft forever
2: enp0s3: <BROADCAST,MULTICAST,UP,LOWER_UP> mtu 1500 qdisc fq_codel state UP group default qlen 1000
    link/ether 08:00:27:9c:d2:56 brd ff:ff:ff:ff:ff:ff
    inet 10.0.2.15/24 brd 10.0.2.255 scope global dynamic noprefixroute enp0s3
       valid_lft 85463sec preferred_lft 85463sec
    inet6 fd00::e588:5f48:fe9c:efb4/64 scope global temporary dynamic 
       valid_lft 86243sec preferred_lft 14243sec
    inet6 fd00::80f:6263:cd47:52af/64 scope global dynamic mngtmpaddr noprefixroute 
       valid_lft 86243sec preferred_lft 14243sec
    inet6 fe80::de6f:659a:67d9:e9d7/64 scope link noprefixroute 
       valid_lft forever preferred_lft forever


[2025-03-06 15:41:00] –ò–î–ï–ù–¢–ò–§–ò–ö–ê–¶–ò–Ø –í–ò–†–¢–£–ê–õ–¨–ù–û–ô –ú–ê–®–ò–ù–´

[2025-03-06 15:41:00] –°–∏—Å—Ç–µ–º–∞ –∑–∞–ø—É—â–µ–Ω–∞ –≤ –≤–∏—Ä—Ç—É–∞–ª—å–Ω–æ–π –º–∞—à–∏–Ω–µ.

[2025-03-06 15:41:00] –¢–∏–ø –≤–∏—Ä—Ç—É–∞–ª–∏–∑–∞—Ü–∏–∏: oracle

-----------------------------------------------------------------

[2025-03-06 15:41:00] –ò–î–ï–ù–¢–ò–§–ò–ö–ê–¶–ò–Ø/–û–ü–ò–°–ê–ù–ò–ï –û–°

[2025-03-06 15:41:00] >>> –ò–Ω—Ñ–æ—Ä–º–∞—Ü–∏—è –æ —è–¥—Ä–µ (uname -a) <<<


root@immortal-virtualbox:/home/immortal/labs/Malinovskii_Aleksandr_lb2$ uname -a
Linux immortal-virtualbox 6.11.0-14-generic #15-Ubuntu SMP PREEMPT_DYNAMIC Fri Jan 10 23:48:25 UTC 2025 x86_64 x86_64 x86_64 GNU/Linux


[2025-03-06 15:41:00] >>> –ò–Ω—Ñ–æ—Ä–º–∞—Ü–∏—è –æ –≤–µ—Ä—Å–∏–∏ –û–° (lsb_release -a) <<<


root@immortal-virtualbox:/home/immortal/labs/Malinovskii_Aleksandr_lb2$ lsb_release -a
Distributor ID:	Ubuntu
Description:	Ubuntu 24.10
Release:	24.10
Codename:	oracular


-----------------------------------------------------------------

[2025-03-06 15:41:01] –ù–ê–ß–ê–õ–û –í–´–ü–û–õ–ù–ï–ù–ò–Ø –ó–ê–î–ê–ù–ò–ô

[2025-03-06 15:41:01] –í–´–ü–û–õ–ù–ï–ù–ò–ï –ó–ê–î–ê–ù–ò–Ø 1.1 (–°–∫—Ä–∏–ø—Ç)

[2025-03-06 15:41:01] –ó–∞–ø—É—Å–∫ —Å–∫—Ä–∏–ø—Ç–∞ ./1/1.1.sh –±–µ–∑ –∞—Ä–≥—É–º–µ–Ω—Ç–æ–≤.
–ó–∞–ø—É—Å–∫ —Ñ–æ–Ω–æ–≤—ã—Ö –ø—Ä–æ—Ü–µ—Å—Å–æ–≤...
–ó–∞–ø—É—Å–∫ –∑–∞–¥–∞–Ω–∏—è 1: –∏–º–∏—Ç–∞—Ü–∏—è —Ä–∞–±–æ—Ç—ã —É—Ç–∏–ª–∏—Ç—ã 'top'...
–ó–∞–¥–∞–Ω–∏–µ 1 (PID 4212) –∑–∞–ø—É—â–µ–Ω–æ: –∏–º–∏—Ç–∞—Ü–∏—è —Ä–∞–±–æ—Ç—ã 'top' (5 –∏—Ç–µ—Ä–∞—Ü–∏–π).
–ó–∞–ø—É—Å–∫ –∑–∞–¥–∞–Ω–∏—è 2: –∏–º–∏—Ç–∞—Ü–∏—è —Ä–∞–±–æ—Ç—ã —É—Ç–∏–ª–∏—Ç—ã 'dd'...
–ó–∞–¥–∞–Ω–∏–µ 2 (PID 4213) –∑–∞–ø—É—â–µ–Ω–æ: –∏–º–∏—Ç–∞—Ü–∏—è —Ä–∞–±–æ—Ç—ã 'dd'.
–ó–∞–ø—É—Å–∫ –∑–∞–¥–∞–Ω–∏—è 3: –∏–º–∏—Ç–∞—Ü–∏—è —Ä–∞–±–æ—Ç—ã —É—Ç–∏–ª–∏—Ç—ã 'tar'...
–ó–∞–¥–∞–Ω–∏–µ 3 (PID 4214) –∑–∞–ø—É—â–µ–Ω–æ: –∏–º–∏—Ç–∞—Ü–∏—è —Ä–∞–±–æ—Ç—ã 'tar'.

–ê–Ω–∞–ª–∏–∑ —Å–ø–∏—Å–∫–∞ –∑–∞–¥–∞–Ω–∏–π:
[1]   4212 –ó–∞–ø—É—â–µ–Ω          top -b -d 1 -n 5 > /dev/null 2>&1 &
[2]-  4213 –ó–∞–ø—É—â–µ–Ω          dd if=/dev/zero of=/dev/null bs=1M &
[3]+  4214 –ó–∞–ø—É—â–µ–Ω          tar cf /dev/null /usr/bin > /dev/null 2>&1 &

–ü—Ä–µ—Ä—ã–≤–∞–Ω–∏–µ –∑–∞–¥–∞–Ω–∏—è 2 (–∏–º–∏—Ç–∞—Ü–∏—è 'dd')...
–í—ã–ø–æ–ª–Ω—è–µ–º –∫–æ–º–∞–Ω–¥—É: kill -9 4213
–ó–∞–¥–∞–Ω–∏–µ 2 (PID 4213) –±—ã–ª–æ –ø—Ä–µ—Ä–≤–∞–Ω–æ.
./1/1.1.sh: —Å—Ç—Ä–æ–∫–∞ 57:  4213 –£–±–∏—Ç–æ              dd if=/dev/zero of=/dev/null bs=1M

–ê–Ω–∞–ª–∏–∑ —Å–ø–∏—Å–∫–∞ –∑–∞–¥–∞–Ω–∏–π –ø–æ—Å–ª–µ –ø—Ä–µ—Ä—ã–≤–∞–Ω–∏—è –∑–∞–¥–∞–Ω–∏—è 2:
[1]+  4212 –ó–∞–ø—É—â–µ–Ω          top -b -d 1 -n 5 > /dev/null 2>&1 &
[3]   4214 –ó–∞–≤–µ—Ä—à—ë–Ω        tar cf /dev/null /usr/bin > /dev/null 2>&1

–û–∂–∏–¥–∞–Ω–∏–µ –∑–∞–≤–µ—Ä—à–µ–Ω–∏—è –∑–∞–¥–∞–Ω–∏—è 1 (–∏–º–∏—Ç–∞—Ü–∏—è 'top')...
–ó–∞–¥–∞–Ω–∏–µ 1 (PID 4212) —É—Å–ø–µ—à–Ω–æ –∑–∞–≤–µ—Ä—à–µ–Ω–æ.

–ò—Ç–æ–≥–æ–≤—ã–π –∞–Ω–∞–ª–∏–∑ —Å–ø–∏—Å–∫–∞ –∑–∞–¥–∞–Ω–∏–π:

–°–∫—Ä–∏–ø—Ç –∑–∞–≤–µ—Ä—à–µ–Ω.
–û—á–∏—Å—Ç–∫–∞ —Ñ–æ–Ω–æ–≤—ã—Ö –ø—Ä–æ—Ü–µ—Å—Å–æ–≤...
–û—á–∏—Å—Ç–∫–∞ –∑–∞–≤–µ—Ä—à–µ–Ω–∞.

[2025-03-06 15:41:05] –í—Ä–µ–º—è –≤—ã–ø–æ–ª–Ω–µ–Ω–∏—è –∑–∞–¥–∞–Ω–∏—è 1.1: 4 —Å–µ–∫—É–Ω–¥.

[2025-03-06 15:41:05] –í–´–ü–û–õ–ù–ï–ù–ò–ï –ó–ê–î–ê–ù–ò–Ø 1.3 (–°–∫—Ä–∏–ø—Ç)

[2025-03-06 15:41:05] –ó–∞–ø—É—Å–∫ —Å–∫—Ä–∏–ø—Ç–∞ ./1/1.3.sh –±–µ–∑ –∞—Ä–≥—É–º–µ–Ω—Ç–æ–≤.
–ú–∏–Ω–∏–º–∞–ª—å–Ω—ã–π PID: 1
–ü–æ–¥—Ä–æ–±–Ω–∞—è –∏–Ω—Ñ–æ—Ä–º–∞—Ü–∏—è –æ –ø—Ä–æ—Ü–µ—Å—Å–µ —Å PID 1:
----------------------------------------
  PID   UID  COMMAND         STAT  START     RSS   PPID   NI
  1     0    systemd         Ss    15:25      14372  0      0  
–ö–æ–º–∞–Ω–¥–∞ –∑–∞–ø—É—Å–∫–∞: /sbin/init splash 
–¢–µ–∫—É—â–∏–π —Ä–∞–±–æ—á–∏–π –∫–∞—Ç–∞–ª–æ–≥: /
–ò—Å–ø–æ–ª–Ω—è–µ–º—ã–π —Ñ–∞–π–ª: /usr/lib/systemd/systemd

–ú–∞–∫—Å–∏–º–∞–ª—å–Ω—ã–π –≤–æ–∑–º–æ–∂–Ω—ã–π PID: 4194304

–°–∞–º—ã–π –±–æ–ª—å—à–æ–π –∞–∫—Ç–∏–≤–Ω—ã–π PID –≤ —Å–∏—Å—Ç–µ–º–µ: 4291
–ü–æ–¥—Ä–æ–±–Ω–∞—è –∏–Ω—Ñ–æ—Ä–º–∞—Ü–∏—è –æ –ø—Ä–æ—Ü–µ—Å—Å–µ —Å PID 4291:
----------------------------------------
  PID   UID  COMMAND         STAT  START     RSS   PPID   NI
  4291  0    bash            S+    15:41      3660   4131   0  
–ö–æ–º–∞–Ω–¥–∞ –∑–∞–ø—É—Å–∫–∞: bash ./1/1.3.sh 
–¢–µ–∫—É—â–∏–π —Ä–∞–±–æ—á–∏–π –∫–∞—Ç–∞–ª–æ–≥: /home/immortal/labs/Malinovskii_Aleksandr_lb2
–ò—Å–ø–æ–ª–Ω—è–µ–º—ã–π —Ñ–∞–π–ª: /usr/bin/bash

–ú–∏–Ω–∏–º–∞–ª—å–Ω—ã–π UID: 0
–ü–æ–ª—å–∑–æ–≤–∞—Ç–µ–ª—å —Å –º–∏–Ω–∏–º–∞–ª—å–Ω—ã–º UID: root
–ú–∞–∫—Å–∏–º–∞–ª—å–Ω—ã–π UID: 65534
–ü–æ–ª—å–∑–æ–≤–∞—Ç–µ–ª—å —Å –º–∞–∫—Å–∏–º–∞–ª—å–Ω—ã–º UID: nobody

[2025-03-06 15:41:05] –í—Ä–µ–º—è –≤—ã–ø–æ–ª–Ω–µ–Ω–∏—è –∑–∞–¥–∞–Ω–∏—è 1.3: 0 —Å–µ–∫—É–Ω–¥.

[2025-03-06 15:41:05] –í–´–ü–û–õ–ù–ï–ù–ò–ï –ó–ê–î–ê–ù–ò–Ø 1.4 (–°–∫—Ä–∏–ø—Ç)

[2025-03-06 15:41:05] –ó–∞–ø—É—Å–∫ —Å–∫—Ä–∏–ø—Ç–∞ ./1/1.4.sh –±–µ–∑ –∞—Ä–≥—É–º–µ–Ω—Ç–æ–≤.
nohup: –≤—ã–≤–æ–¥ –¥–æ–±–∞–≤–ª—è–µ—Ç—Å—è –≤ 'nohup.out'
root        3690  0.0  0.0   8848  2276 ?        S    15:38   0:00 sleep 3600
root        3978  0.0  0.0   8848  2416 ?        S    15:39   0:00 sleep 3600
root        4328  0.0  0.0   8848  2424 pts/4    S+   15:41   0:00 sleep 3600
root        4330  0.0  0.0   9252  2364 pts/4    S+   15:41   0:00 grep sleep

[2025-03-06 15:41:05] –í—Ä–µ–º—è –≤—ã–ø–æ–ª–Ω–µ–Ω–∏—è –∑–∞–¥–∞–Ω–∏—è 1.4: 0 —Å–µ–∫—É–Ω–¥.

[2025-03-06 15:41:05] –í–´–ü–û–õ–ù–ï–ù–ò–ï –ó–ê–î–ê–ù–ò–Ø 1.5 (–°–∫—Ä–∏–ø—Ç)

[2025-03-06 15:41:05] –ó–∞–ø—É—Å–∫ —Å–∫—Ä–∏–ø—Ç–∞ ./1/1.5.sh –±–µ–∑ –∞—Ä–≥—É–º–µ–Ω—Ç–æ–≤.
=== –ò–Ω—Ñ–æ—Ä–º–∞—Ü–∏—è –æ –ø—Ä–æ—Ü–µ—Å—Å–µ c PID 4338===
Name:	bash
Umask:	0022
State:	S (sleeping)
Tgid:	4338
Ngid:	0
Pid:	4338
PPid:	4131
TracerPid:	0
Uid:	0	0	0	0
Gid:	0	0	0	0
FDSize:	256
Groups:	0 
NStgid:	4338
NSpid:	4338
NSpgid:	4131
NSsid:	4131
Kthread:	0
VmPeak:	   10040 kB
VmSize:	   10040 kB
VmLck:	       0 kB
VmPin:	       0 kB
VmHWM:	    3676 kB
VmRSS:	    3676 kB
RssAnon:	     256 kB
RssFile:	    3420 kB
RssShmem:	       0 kB
VmData:	     304 kB
VmStk:	     132 kB
VmExe:	     984 kB
VmLib:	    1888 kB
VmPTE:	      72 kB
VmSwap:	       0 kB
HugetlbPages:	       0 kB
CoreDumping:	0
THP_enabled:	1
untag_mask:	0xffffffffffffffff
Threads:	1
SigQ:	2/15333
SigPnd:	0000000000000000
ShdPnd:	0000000000000000
SigBlk:	0000000000010000
SigIgn:	0000000000000004
SigCgt:	0000000000010002
CapInh:	0000000000000000
CapPrm:	000001ffffffffff
CapEff:	000001ffffffffff
CapBnd:	000001ffffffffff
CapAmb:	0000000000000000
NoNewPrivs:	0
Seccomp:	0
Seccomp_filters:	0
Speculation_Store_Bypass:	vulnerable
SpeculationIndirectBranch:	always enabled
Cpus_allowed:	f
Cpus_allowed_list:	0-3
Mems_allowed:	00000000,00000000,00000000,00000000,00000000,00000000,00000000,00000000,00000000,00000000,00000000,00000000,00000000,00000000,00000000,00000000,00000000,00000000,00000000,00000000,00000000,00000000,00000000,00000000,00000000,00000000,00000000,00000000,00000000,00000000,00000000,00000001
Mems_allowed_list:	0
voluntary_ctxt_switches:	1
nonvoluntary_ctxt_switches:	6
x86_Thread_features:	
x86_Thread_features_locked:	

=== –ö–æ–º–∞–Ω–¥–Ω–∞—è —Å—Ç—Ä–æ–∫–∞ –ø—Ä–æ—Ü–µ—Å—Å–∞ ===
bash ./1/1.5.sh 

=== –ü–µ—Ä–µ–º–µ–Ω–Ω—ã–µ –æ–∫—Ä—É–∂–µ–Ω–∏—è ===
SHELL=/bin/bash
COLORTERM=truecolor
SUDO_GID=1000
LANGUAGE=
LC_ADDRESS=ru_RU.UTF-8
LC_NAME=ru_RU.UTF-8
SUDO_COMMAND=./logger.sh
LC_MONETARY=ru_RU.UTF-8
SUDO_USER=immortal
IN_SCRIPT=1
PWD=/home/immortal/labs/Malinovskii_Aleksandr_lb2
LOGNAME=root
XAUTHORITY=/run/user/1000/xauth_vXDBSs
HOME=/root
LANG=ru_RU.UTF-8
LC_PAPER=ru_RU.UTF-8
LS_COLORS=rs=0:di=01;34:ln=01;36:mh=00:pi=40;33:so=01;35:do=01;35:bd=40;33;01:cd=40;33;01:or=40;31;01:mi=00:su=37;41:sg=30;43:ca=00:tw=30;42:ow=34;42:st=37;44:ex=01;32:*.tar=01;31:*.tgz=01;31:*.arc=01;31:*.arj=01;31:*.taz=01;31:*.lha=01;31:*.lz4=01;31:*.lzh=01;31:*.lzma=01;31:*.tlz=01;31:*.txz=01;31:*.tzo=01;31:*.t7z=01;31:*.zip=01;31:*.z=01;31:*.dz=01;31:*.gz=01;31:*.lrz=01;31:*.lz=01;31:*.lzo=01;31:*.xz=01;31:*.zst=01;31:*.tzst=01;31:*.bz2=01;31:*.bz=01;31:*.tbz=01;31:*.tbz2=01;31:*.tz=01;31:*.deb=01;31:*.rpm=01;31:*.jar=01;31:*.war=01;31:*.ear=01;31:*.sar=01;31:*.rar=01;31:*.alz=01;31:*.ace=01;31:*.zoo=01;31:*.cpio=01;31:*.7z=01;31:*.rz=01;31:*.cab=01;31:*.wim=01;31:*.swm=01;31:*.dwm=01;31:*.esd=01;31:*.avif=01;35:*.jpg=01;35:*.jpeg=01;35:*.mjpg=01;35:*.mjpeg=01;35:*.gif=01;35:*.bmp=01;35:*.pbm=01;35:*.pgm=01;35:*.ppm=01;35:*.tga=01;35:*.xbm=01;35:*.xpm=01;35:*.tif=01;35:*.tiff=01;35:*.png=01;35:*.svg=01;35:*.svgz=01;35:*.mng=01;35:*.pcx=01;35:*.mov=01;35:*.mpg=01;35:*.mpeg=01;35:*.m2v=01;35:*.mkv=01;35:*.webm=01;35:*.webp=01;35:*.ogm=01;35:*.mp4=01;35:*.m4v=01;35:*.mp4v=01;35:*.vob=01;35:*.qt=01;35:*.nuv=01;35:*.wmv=01;35:*.asf=01;35:*.rm=01;35:*.rmvb=01;35:*.flc=01;35:*.avi=01;35:*.fli=01;35:*.flv=01;35:*.gl=01;35:*.dl=01;35:*.xcf=01;35:*.xwd=01;35:*.yuv=01;35:*.cgm=01;35:*.emf=01;35:*.ogv=01;35:*.ogx=01;35:*.aac=00;36:*.au=00;36:*.flac=00;36:*.m4a=00;36:*.mid=00;36:*.midi=00;36:*.mka=00;36:*.mp3=00;36:*.mpc=00;36:*.ogg=00;36:*.ra=00;36:*.wav=00;36:*.oga=00;36:*.opus=00;36:*.spx=00;36:*.xspf=00;36:*~=00;90:*#=00;90:*.bak=00;90:*.crdownload=00;90:*.dpkg-dist=00;90:*.dpkg-new=00;90:*.dpkg-old=00;90:*.dpkg-tmp=00;90:*.old=00;90:*.orig=00;90:*.part=00;90:*.rej=00;90:*.rpmnew=00;90:*.rpmorig=00;90:*.rpmsave=00;90:*.swp=00;90:*.tmp=00;90:*.ucf-dist=00;90:*.ucf-new=00;90:*.ucf-old=00;90:
XDG_CURRENT_DESKTOP=KDE
LOG_FILE=lab_report.log
TERM=xterm-256color
LC_IDENTIFICATION=ru_RU.UTF-8
USER=root
DISPLAY=:1
SHLVL=2
LC_TELEPHONE=ru_RU.UTF-8
LC_MEASUREMENT=ru_RU.UTF-8
LC_TIME=ru_RU.UTF-8
PATH=/usr/local/sbin:/usr/local/bin:/usr/sbin:/usr/bin:/sbin:/bin:/snap/bin
SUDO_UID=1000
MAIL=/var/mail/root
LC_NUMERIC=ru_RU.UTF-8
_=/usr/bin/bash

=== –û—Ç–∫—Ä—ã—Ç—ã–µ —Ñ–∞–π–ª—ã ===
–∏—Ç–æ–≥–æ 0
lrwx------ 1 root root 64 –º–∞—Ä  6 15:41 0 -> /dev/pts/4
lrwx------ 1 root root 64 –º–∞—Ä  6 15:41 1 -> /dev/pts/4
lrwx------ 1 root root 64 –º–∞—Ä  6 15:41 2 -> /dev/pts/4
lr-x------ 1 root root 64 –º–∞—Ä  6 15:41 255 -> /home/immortal/labs/Malinovskii_Aleksandr_lb2/1/1.5.sh

=== –ò–Ω—Ñ–æ—Ä–º–∞—Ü–∏—è –æ –ø–∞–º—è—Ç–∏ ===
5c17d5311000-5c17d5341000 r--p 00000000 08:01 1048950                    /usr/bin/bash
5c17d5341000-5c17d5437000 r-xp 00030000 08:01 1048950                    /usr/bin/bash
5c17d5437000-5c17d546c000 r--p 00126000 08:01 1048950                    /usr/bin/bash
5c17d546c000-5c17d5470000 r--p 0015b000 08:01 1048950                    /usr/bin/bash
5c17d5470000-5c17d5479000 rw-p 0015f000 08:01 1048950                    /usr/bin/bash
5c17d5479000-5c17d5484000 rw-p 00000000 00:00 0 
5c180edf0000-5c180ee11000 rw-p 00000000 00:00 0                          [heap]
73e8c2800000-73e8c2d77000 r--p 00000000 08:01 1049750                    /usr/lib/locale/locale-archive
73e8c2e00000-73e8c2e28000 r--p 00000000 08:01 1052421                    /usr/lib/x86_64-linux-gnu/libc.so.6
73e8c2e28000-73e8c2fbe000 r-xp 00028000 08:01 1052421                    /usr/lib/x86_64-linux-gnu/libc.so.6
73e8c2fbe000-73e8c300d000 r--p 001be000 08:01 1052421                    /usr/lib/x86_64-linux-gnu/libc.so.6
73e8c300d000-73e8c3011000 r--p 0020c000 08:01 1052421                    /usr/lib/x86_64-linux-gnu/libc.so.6
73e8c3011000-73e8c3013000 rw-p 00210000 08:01 1052421                    /usr/lib/x86_64-linux-gnu/libc.so.6
73e8c3013000-73e8c3020000 rw-p 00000000 00:00 0 
73e8c302a000-73e8c302d000 rw-p 00000000 00:00 0 
73e8c302d000-73e8c303b000 r--p 00000000 08:01 1074603                    /usr/lib/x86_64-linux-gnu/libtinfo.so.6.5
73e8c303b000-73e8c304e000 r-xp 0000e000 08:01 1074603                    /usr/lib/x86_64-linux-gnu/libtinfo.so.6.5
73e8c304e000-73e8c305c000 r--p 00021000 08:01 1074603                    /usr/lib/x86_64-linux-gnu/libtinfo.so.6.5
73e8c305c000-73e8c3060000 r--p 0002e000 08:01 1074603                    /usr/lib/x86_64-linux-gnu/libtinfo.so.6.5
73e8c3060000-73e8c3061000 rw-p 00032000 08:01 1074603                    /usr/lib/x86_64-linux-gnu/libtinfo.so.6.5
73e8c3072000-73e8c3079000 r--s 00000000 08:01 1052410                    /usr/lib/x86_64-linux-gnu/gconv/gconv-modules.cache
73e8c3079000-73e8c307b000 rw-p 00000000 00:00 0 
73e8c307b000-73e8c307f000 r--p 00000000 00:00 0                          [vvar]
73e8c307f000-73e8c3081000 r-xp 00000000 00:00 0                          [vdso]
73e8c3081000-73e8c3082000 r--p 00000000 08:01 1052418                    /usr/lib/x86_64-linux-gnu/ld-linux-x86-64.so.2
73e8c3082000-73e8c30af000 r-xp 00001000 08:01 1052418                    /usr/lib/x86_64-linux-gnu/ld-linux-x86-64.so.2
73e8c30af000-73e8c30b9000 r--p 0002e000 08:01 1052418                    /usr/lib/x86_64-linux-gnu/ld-linux-x86-64.so.2
73e8c30b9000-73e8c30bb000 r--p 00038000 08:01 1052418                    /usr/lib/x86_64-linux-gnu/ld-linux-x86-64.so.2
73e8c30bb000-73e8c30bd000 rw-p 0003a000 08:01 1052418                    /usr/lib/x86_64-linux-gnu/ld-linux-x86-64.so.2
7ffe053e0000-7ffe05401000 rw-p 00000000 00:00 0                          [stack]
ffffffffff600000-ffffffffff601000 --xp 00000000 00:00 0                  [vsyscall]

[2025-03-06 15:41:05] –í—Ä–µ–º—è –≤—ã–ø–æ–ª–Ω–µ–Ω–∏—è –∑–∞–¥–∞–Ω–∏—è 1.5: 0 —Å–µ–∫—É–Ω–¥.

[2025-03-06 15:41:05] –í–´–ü–û–õ–ù–ï–ù–ò–ï –ó–ê–î–ê–ù–ò–Ø 2.1

[2025-03-06 15:41:05] >>> –í—ã–ø–æ–ª–Ω–µ–Ω–∏–µ –∫–æ–º–∞–Ω–¥—ã: ./lb2/task-runner.sh ./lb2/2/2.1 2.1.c --run 2.1 <<<


root@immortal-virtualbox:/home/immortal/labs/Malinovskii_Aleksandr_lb2$ bash -c ./lb2/task-runner.sh ./lb2/2/2.1 2.1.c --run 2.1
bash: —Å—Ç—Ä–æ–∫–∞ 1: ./lb2/task-runner.sh: –ù–µ—Ç —Ç–∞–∫–æ–≥–æ —Ñ–∞–π–ª–∞ –∏–ª–∏ –∫–∞—Ç–∞–ª–æ–≥–∞


[2025-03-06 15:41:05] –í—Ä–µ–º—è –≤—ã–ø–æ–ª–Ω–µ–Ω–∏—è –∑–∞–¥–∞–Ω–∏—è 2.1: 0 —Å–µ–∫—É–Ω–¥.

[2025-03-06 15:41:05] –í–´–ü–û–õ–ù–ï–ù–ò–ï –ó–ê–î–ê–ù–ò–Ø 2.2

[2025-03-06 15:41:05] >>> –í—ã–ø–æ–ª–Ω–µ–Ω–∏–µ –∫–æ–º–∞–Ω–¥—ã: ./lb2/task-runner.sh ./lb2/2/2.2 2.2-father.c 2.2-son.c --run 2.2-father <<<


root@immortal-virtualbox:/home/immortal/labs/Malinovskii_Aleksandr_lb2$ bash -c ./lb2/task-runner.sh ./lb2/2/2.2 2.2-father.c 2.2-son.c --run 2.2-father
bash: —Å—Ç—Ä–æ–∫–∞ 1: ./lb2/task-runner.sh: –ù–µ—Ç —Ç–∞–∫–æ–≥–æ —Ñ–∞–π–ª–∞ –∏–ª–∏ –∫–∞—Ç–∞–ª–æ–≥–∞


[2025-03-06 15:41:05] –í—Ä–µ–º—è –≤—ã–ø–æ–ª–Ω–µ–Ω–∏—è –∑–∞–¥–∞–Ω–∏—è 2.2: 0 —Å–µ–∫—É–Ω–¥.

[2025-03-06 15:41:05] –í–´–ü–û–õ–ù–ï–ù–ò–ï –ó–ê–î–ê–ù–ò–Ø 2.3

[2025-03-06 15:41:05] >>> –í—ã–ø–æ–ª–Ω–µ–Ω–∏–µ –∫–æ–º–∞–Ω–¥—ã: ./lb2/task-runner.sh ./lb2/2/2.3 2.3.c --run 2.3 <<<


root@immortal-virtualbox:/home/immortal/labs/Malinovskii_Aleksandr_lb2$ bash -c ./lb2/task-runner.sh ./lb2/2/2.3 2.3.c --run 2.3
bash: —Å—Ç—Ä–æ–∫–∞ 1: ./lb2/task-runner.sh: –ù–µ—Ç —Ç–∞–∫–æ–≥–æ —Ñ–∞–π–ª–∞ –∏–ª–∏ –∫–∞—Ç–∞–ª–æ–≥–∞


[2025-03-06 15:41:05] –í—Ä–µ–º—è –≤—ã–ø–æ–ª–Ω–µ–Ω–∏—è –∑–∞–¥–∞–Ω–∏—è 2.3: 0 —Å–µ–∫—É–Ω–¥.

[2025-03-06 15:41:05] –û–±—â–µ–µ –≤—Ä–µ–º—è –≤—ã–ø–æ–ª–Ω–µ–Ω–∏—è —Å–∫—Ä–∏–ø—Ç–∞: 5 —Å–µ–∫—É–Ω–¥.
=================================================================
                      –û–¢–ß–Å–¢ –ó–ê–í–ï–†–®–Å–ù
=================================================================

[2025-03-06 15:41:05] –û—Å–Ω–æ–≤–Ω–æ–π –æ—Ç—á—ë—Ç —Å–æ—Ö—Ä–∞–Ω—ë–Ω –≤ —Ñ–∞–π–ª: lab_report.log

Script done on 2025-03-06 15:41:05+03:00 [COMMAND_EXIT_CODE="0"]
Script started on 2025-03-06 16:20:53+03:00 [COMMAND="./logger.sh" TERM="xterm-256color" TTY="/dev/pts/3" COLUMNS="189" LINES="19"]
=================================================================
                   –û–¢–ß–Å–¢ –ü–û –õ–ê–ë–û–†–ê–¢–û–†–ù–û–ô –†–ê–ë–û–¢–ï
=================================================================
–î–∞—Ç–∞ –∏—Å–ø–æ–ª–Ω–µ–Ω–∏—è –æ—Ç—á—ë—Ç–∞: 2025-03-06 16:20:53
–ò–¥–µ–Ω—Ç–∏—Ñ–∏–∫–∞—Ü–∏—è –∏—Å–ø–æ–ª–Ω–∏—Ç–µ–ª—è: root
–ì—Ä—É–ø–ø–∞: 3343
–§–ò–û: –ì—Ä–µ–±–Ω–µ–≤ –ï–≥–æ—Ä –î–º–∏—Ç—Ä–∏–µ–≤–∏—á
-----------------------------------------------------------------

[2025-03-06 16:20:53] –ü–†–û–§–ò–õ–¨ –°–ò–°–¢–ï–ú–´

[2025-03-06 16:20:53] >>> –ò–Ω—Ñ–æ—Ä–º–∞—Ü–∏—è –æ –ø—Ä–æ—Ü–µ—Å—Å–æ—Ä–µ (lscpu) <<<


root@immortal-virtualbox:/home/immortal/labs/Malinovskii_Aleksandr_lb2$ lscpu
–ê—Ä—Ö–∏—Ç–µ–∫—Ç—É—Ä–∞:                          x86_64
CPU op-mode(s):                       32-bit, 64-bit
Address sizes:                        39 bits physical, 48 bits virtual
–ü–æ—Ä—è–¥–æ–∫ –±–∞–π—Ç:                         Little Endian
CPU(s):                               4
On-line CPU(s) list:                  0-3
ID –ø—Ä—Ä–æ–∏–∑–≤–æ–¥–∏—Ç–µ–ª—è:                    GenuineIntel
–ò–º—è –º–æ–¥–µ–ª–∏:                           11th Gen Intel(R) Core(TM) i5-1155G7 @ 2.50GHz
BIOS Model name:                        CPU @ 0.0GHz
BIOS CPU family:                      0
–°–µ–º–µ–π—Å—Ç–≤–æ –¶–ü–£:                        6
–ú–æ–¥–µ–ª—å:                               140
–ü–æ—Ç–æ–∫–æ–≤ –Ω–∞ —è–¥—Ä–æ:                      1
–Ø–¥–µ—Ä –Ω–∞ —Å–æ–∫–µ—Ç:                        4
–°–æ–∫–µ—Ç–æ–≤:                              1
–°—Ç–µ–ø–ø–∏–Ω–≥:                             2
BogoMIPS:                             4992,02
–§–ª–∞–≥–∏:                                fpu vme de pse tsc msr pae mce cx8 apic sep mtrr pge mca cmov pat pse36 clflush mmx fxsr sse sse2 ht syscall nx rdtscp lm constant_tsc rep_good nopl xtopology nonstop_tsc cpuid tsc_known_freq pni pclmulqdq ssse3 cx16 pcid sse4_1 sse4_2 movbe popcnt aes rdrand hypervisor lahf_lm abm 3dnowprefetch ibrs_enhanced fsgsbase bmi1 bmi2 invpcid rdseed adx clflushopt sha_ni arat md_clear flush_l1d arch_capabilities
–†–∞–∑—Ä–∞–±–æ—Ç—á–∏–∫ –≥–∏–ø–µ—Ä–≤–∏–∑–æ—Ä–∞:              KVM
–¢–∏–ø –≤–∏—Ä—Ç—É–∞–ª–∏–∑–∞—Ü–∏–∏:                    –ø–æ–ª–Ω—ã–π
L1d cache:                            192 KiB (4 instances)
L1i cache:                            128 KiB (4 instances)
L2 cache:                             5 MiB (4 instances)
L3 cache:                             32 MiB (4 instances)
NUMA node(s):                         1
NUMA node0 CPU(s):                    0-3
Vulnerability Gather data sampling:   Not affected
Vulnerability Itlb multihit:          Not affected
Vulnerability L1tf:                   Not affected
Vulnerability Mds:                    Not affected
Vulnerability Meltdown:               Not affected
Vulnerability Mmio stale data:        Not affected
Vulnerability Reg file data sampling: Not affected
Vulnerability Retbleed:               Mitigation; Enhanced IBRS
Vulnerability Spec rstack overflow:   Not affected
Vulnerability Spec store bypass:      Vulnerable
Vulnerability Spectre v1:             Mitigation; usercopy/swapgs barriers and __user pointer sanitization
Vulnerability Spectre v2:             Mitigation; Enhanced / Automatic IBRS; RSB filling; PBRSB-eIBRS SW sequence; BHI SW loop, KVM SW loop
Vulnerability Srbds:                  Not affected
Vulnerability Tsx async abort:        Not affected


[2025-03-06 16:20:53] >>> –ò–Ω—Ñ–æ—Ä–º–∞—Ü–∏—è –æ –ø–∞–º—è—Ç–∏ (free -h) <<<


root@immortal-virtualbox:/home/immortal/labs/Malinovskii_Aleksandr_lb2$ free -h
               –≤—Å–µ–≥–æ        –∑–∞–Ω—è—Ç        —Å–≤–æ–±      –æ–±—â–∞—è  –±—É—Ñ/–≤—Ä–µ–º.   –¥–æ—Å—Ç—É–ø–Ω–æ
–ü–∞–º—è—Ç—å:        3,8Gi       2,3Gi       182Mi       136Mi       1,7Gi       1,5Gi
–ü–æ–¥–∫–∞—á–∫–∞:      511Mi          0B       511Mi


[2025-03-06 16:20:53] >>> –ò–Ω—Ñ–æ—Ä–º–∞—Ü–∏—è –æ –¥–∏—Å–∫–∞—Ö (lsblk) <<<


root@immortal-virtualbox:/home/immortal/labs/Malinovskii_Aleksandr_lb2$ lsblk
NAME   MAJ:MIN RM   SIZE RO TYPE MOUNTPOINTS
loop0    7:0    0  74,2M  1 loop /snap/core22/1621
loop1    7:1    0     4K  1 loop /snap/bare/5
loop2    7:2    0   258M  1 loop /snap/firefox/5751
loop3    7:3    0  73,9M  1 loop /snap/core22/1748
loop4    7:4    0 257,9M  1 loop /snap/firefox/5783
loop5    7:5    0  10,7M  1 loop /snap/firmware-updater/127
loop6    7:6    0  11,1M  1 loop /snap/firmware-updater/167
loop7    7:7    0   516M  1 loop /snap/gnome-42-2204/202
loop8    7:8    0 505,1M  1 loop /snap/gnome-42-2204/176
loop9    7:9    0  89,7M  1 loop /snap/gtk-common-themes/1536
loop10   7:10   0   125M  1 loop /snap/gtk-theme-breeze/2
loop11   7:11   0  91,7M  1 loop /snap/gtk-common-themes/1535
loop12   7:12   0  13,2M  1 loop /snap/icon-theme-breeze/5
loop13   7:13   0   264K  1 loop /snap/gtk-theme-breeze/5
loop14   7:14   0    14M  1 loop /snap/icon-theme-breeze/3
loop15   7:15   0  44,4M  1 loop /snap/snapd/23545
loop16   7:16   0  44,4M  1 loop /snap/snapd/23771
loop17   7:17   0 210,4M  1 loop /snap/thunderbird/663
loop18   7:18   0 210,4M  1 loop /snap/thunderbird/644
sda      8:0    0    20G  0 disk 
‚îî‚îÄsda1   8:1    0    20G  0 part /
sr0     11:0    1  57,4M  0 rom  


[2025-03-06 16:20:54] >>> –ò–Ω—Ñ–æ—Ä–º–∞—Ü–∏—è –æ —Å–µ—Ç–µ–≤—ã—Ö –∏–Ω—Ç–µ—Ä—Ñ–µ–π—Å–∞—Ö (ip a) <<<


root@immortal-virtualbox:/home/immortal/labs/Malinovskii_Aleksandr_lb2$ ip a
1: lo: <LOOPBACK,UP,LOWER_UP> mtu 65536 qdisc noqueue state UNKNOWN group default qlen 1000
    link/loopback 00:00:00:00:00:00 brd 00:00:00:00:00:00
    inet 127.0.0.1/8 scope host lo
       valid_lft forever preferred_lft forever
    inet6 ::1/128 scope host noprefixroute 
       valid_lft forever preferred_lft forever
2: enp0s3: <BROADCAST,MULTICAST,UP,LOWER_UP> mtu 1500 qdisc fq_codel state UP group default qlen 1000
    link/ether 08:00:27:9c:d2:56 brd ff:ff:ff:ff:ff:ff
    inet 10.0.2.15/24 brd 10.0.2.255 scope global dynamic noprefixroute enp0s3
       valid_lft 85013sec preferred_lft 85013sec
    inet6 fd00::6668:828b:9ba0:e9ea/64 scope global temporary dynamic 
       valid_lft 86228sec preferred_lft 14228sec
    inet6 fd00::80f:6263:cd47:52af/64 scope global dynamic mngtmpaddr noprefixroute 
       valid_lft 86228sec preferred_lft 14228sec
    inet6 fe80::de6f:659a:67d9:e9d7/64 scope link noprefixroute 
       valid_lft forever preferred_lft forever


[2025-03-06 16:20:54] –ò–î–ï–ù–¢–ò–§–ò–ö–ê–¶–ò–Ø –í–ò–†–¢–£–ê–õ–¨–ù–û–ô –ú–ê–®–ò–ù–´

[2025-03-06 16:20:54] –°–∏—Å—Ç–µ–º–∞ –∑–∞–ø—É—â–µ–Ω–∞ –≤ –≤–∏—Ä—Ç—É–∞–ª—å–Ω–æ–π –º–∞—à–∏–Ω–µ.

[2025-03-06 16:20:54] –¢–∏–ø –≤–∏—Ä—Ç—É–∞–ª–∏–∑–∞—Ü–∏–∏: oracle

-----------------------------------------------------------------

[2025-03-06 16:20:54] –ò–î–ï–ù–¢–ò–§–ò–ö–ê–¶–ò–Ø/–û–ü–ò–°–ê–ù–ò–ï –û–°

[2025-03-06 16:20:54] >>> –ò–Ω—Ñ–æ—Ä–º–∞—Ü–∏—è –æ —è–¥—Ä–µ (uname -a) <<<


root@immortal-virtualbox:/home/immortal/labs/Malinovskii_Aleksandr_lb2$ uname -a
Linux immortal-virtualbox 6.11.0-14-generic #15-Ubuntu SMP PREEMPT_DYNAMIC Fri Jan 10 23:48:25 UTC 2025 x86_64 x86_64 x86_64 GNU/Linux


[2025-03-06 16:20:54] >>> –ò–Ω—Ñ–æ—Ä–º–∞—Ü–∏—è –æ –≤–µ—Ä—Å–∏–∏ –û–° (lsb_release -a) <<<


root@immortal-virtualbox:/home/immortal/labs/Malinovskii_Aleksandr_lb2$ lsb_release -a
Distributor ID:	Ubuntu
Description:	Ubuntu 24.10
Release:	24.10
Codename:	oracular


-----------------------------------------------------------------

[2025-03-06 16:20:54] –í–´–ü–û–õ–ù–ï–ù–ò–ï –ó–ê–î–ê–ù–ò–Ø 2.3 (–°–∫—Ä–∏–ø—Ç)

[2025-03-06 16:20:54] –ó–∞–ø—É—Å–∫ —Å–∫—Ä–∏–ø—Ç–∞ –°–∫—Ä–∏–ø—Ç '2.3.sh' –Ω–µ –Ω–∞–π–¥–µ–Ω. –±–µ–∑ –∞—Ä–≥—É–º–µ–Ω—Ç–æ–≤.
bash: –°–∫—Ä–∏–ø—Ç '2.3.sh' –Ω–µ –Ω–∞–π–¥–µ–Ω.: –ù–µ—Ç —Ç–∞–∫–æ–≥–æ —Ñ–∞–π–ª–∞ –∏–ª–∏ –∫–∞—Ç–∞–ª–æ–≥–∞

Script done on 2025-03-06 16:20:54+03:00 [COMMAND_EXIT_CODE="127"]
Script started on 2025-03-06 16:21:18+03:00 [COMMAND="./logger.sh" TERM="xterm-256color" TTY="/dev/pts/3" COLUMNS="189" LINES="19"]
=================================================================
                   –û–¢–ß–Å–¢ –ü–û –õ–ê–ë–û–†–ê–¢–û–†–ù–û–ô –†–ê–ë–û–¢–ï
=================================================================
–î–∞—Ç–∞ –∏—Å–ø–æ–ª–Ω–µ–Ω–∏—è –æ—Ç—á—ë—Ç–∞: 2025-03-06 16:21:18
–ò–¥–µ–Ω—Ç–∏—Ñ–∏–∫–∞—Ü–∏—è –∏—Å–ø–æ–ª–Ω–∏—Ç–µ–ª—è: root
–ì—Ä—É–ø–ø–∞: 3343
–§–ò–û: –ì—Ä–µ–±–Ω–µ–≤ –ï–≥–æ—Ä –î–º–∏—Ç—Ä–∏–µ–≤–∏—á
-----------------------------------------------------------------

[2025-03-06 16:21:18] –ü–†–û–§–ò–õ–¨ –°–ò–°–¢–ï–ú–´

[2025-03-06 16:21:18] >>> –ò–Ω—Ñ–æ—Ä–º–∞—Ü–∏—è –æ –ø—Ä–æ—Ü–µ—Å—Å–æ—Ä–µ (lscpu) <<<


root@immortal-virtualbox:/home/immortal/labs/Malinovskii_Aleksandr_lb2$ lscpu
–ê—Ä—Ö–∏—Ç–µ–∫—Ç—É—Ä–∞:                          x86_64
CPU op-mode(s):                       32-bit, 64-bit
Address sizes:                        39 bits physical, 48 bits virtual
–ü–æ—Ä—è–¥–æ–∫ –±–∞–π—Ç:                         Little Endian
CPU(s):                               4
On-line CPU(s) list:                  0-3
ID –ø—Ä—Ä–æ–∏–∑–≤–æ–¥–∏—Ç–µ–ª—è:                    GenuineIntel
–ò–º—è –º–æ–¥–µ–ª–∏:                           11th Gen Intel(R) Core(TM) i5-1155G7 @ 2.50GHz
BIOS Model name:                        CPU @ 0.0GHz
BIOS CPU family:                      0
–°–µ–º–µ–π—Å—Ç–≤–æ –¶–ü–£:                        6
–ú–æ–¥–µ–ª—å:                               140
–ü–æ—Ç–æ–∫–æ–≤ –Ω–∞ —è–¥—Ä–æ:                      1
–Ø–¥–µ—Ä –Ω–∞ —Å–æ–∫–µ—Ç:                        4
–°–æ–∫–µ—Ç–æ–≤:                              1
–°—Ç–µ–ø–ø–∏–Ω–≥:                             2
BogoMIPS:                             4992,02
–§–ª–∞–≥–∏:                                fpu vme de pse tsc msr pae mce cx8 apic sep mtrr pge mca cmov pat pse36 clflush mmx fxsr sse sse2 ht syscall nx rdtscp lm constant_tsc rep_good nopl xtopology nonstop_tsc cpuid tsc_known_freq pni pclmulqdq ssse3 cx16 pcid sse4_1 sse4_2 movbe popcnt aes rdrand hypervisor lahf_lm abm 3dnowprefetch ibrs_enhanced fsgsbase bmi1 bmi2 invpcid rdseed adx clflushopt sha_ni arat md_clear flush_l1d arch_capabilities
–†–∞–∑—Ä–∞–±–æ—Ç—á–∏–∫ –≥–∏–ø–µ—Ä–≤–∏–∑–æ—Ä–∞:              KVM
–¢–∏–ø –≤–∏—Ä—Ç—É–∞–ª–∏–∑–∞—Ü–∏–∏:                    –ø–æ–ª–Ω—ã–π
L1d cache:                            192 KiB (4 instances)
L1i cache:                            128 KiB (4 instances)
L2 cache:                             5 MiB (4 instances)
L3 cache:                             32 MiB (4 instances)
NUMA node(s):                         1
NUMA node0 CPU(s):                    0-3
Vulnerability Gather data sampling:   Not affected
Vulnerability Itlb multihit:          Not affected
Vulnerability L1tf:                   Not affected
Vulnerability Mds:                    Not affected
Vulnerability Meltdown:               Not affected
Vulnerability Mmio stale data:        Not affected
Vulnerability Reg file data sampling: Not affected
Vulnerability Retbleed:               Mitigation; Enhanced IBRS
Vulnerability Spec rstack overflow:   Not affected
Vulnerability Spec store bypass:      Vulnerable
Vulnerability Spectre v1:             Mitigation; usercopy/swapgs barriers and __user pointer sanitization
Vulnerability Spectre v2:             Mitigation; Enhanced / Automatic IBRS; RSB filling; PBRSB-eIBRS SW sequence; BHI SW loop, KVM SW loop
Vulnerability Srbds:                  Not affected
Vulnerability Tsx async abort:        Not affected


[2025-03-06 16:21:18] >>> –ò–Ω—Ñ–æ—Ä–º–∞—Ü–∏—è –æ –ø–∞–º—è—Ç–∏ (free -h) <<<


root@immortal-virtualbox:/home/immortal/labs/Malinovskii_Aleksandr_lb2$ free -h
               –≤—Å–µ–≥–æ        –∑–∞–Ω—è—Ç        —Å–≤–æ–±      –æ–±—â–∞—è  –±—É—Ñ/–≤—Ä–µ–º.   –¥–æ—Å—Ç—É–ø–Ω–æ
–ü–∞–º—è—Ç—å:        3,8Gi       2,4Gi       170Mi       135Mi       1,7Gi       1,5Gi
–ü–æ–¥–∫–∞—á–∫–∞:      511Mi          0B       511Mi


[2025-03-06 16:21:19] >>> –ò–Ω—Ñ–æ—Ä–º–∞—Ü–∏—è –æ –¥–∏—Å–∫–∞—Ö (lsblk) <<<


root@immortal-virtualbox:/home/immortal/labs/Malinovskii_Aleksandr_lb2$ lsblk
NAME   MAJ:MIN RM   SIZE RO TYPE MOUNTPOINTS
loop0    7:0    0  74,2M  1 loop /snap/core22/1621
loop1    7:1    0     4K  1 loop /snap/bare/5
loop2    7:2    0   258M  1 loop /snap/firefox/5751
loop3    7:3    0  73,9M  1 loop /snap/core22/1748
loop4    7:4    0 257,9M  1 loop /snap/firefox/5783
loop5    7:5    0  10,7M  1 loop /snap/firmware-updater/127
loop6    7:6    0  11,1M  1 loop /snap/firmware-updater/167
loop7    7:7    0   516M  1 loop /snap/gnome-42-2204/202
loop8    7:8    0 505,1M  1 loop /snap/gnome-42-2204/176
loop9    7:9    0  89,7M  1 loop /snap/gtk-common-themes/1536
loop10   7:10   0   125M  1 loop /snap/gtk-theme-breeze/2
loop11   7:11   0  91,7M  1 loop /snap/gtk-common-themes/1535
loop12   7:12   0  13,2M  1 loop /snap/icon-theme-breeze/5
loop13   7:13   0   264K  1 loop /snap/gtk-theme-breeze/5
loop14   7:14   0    14M  1 loop /snap/icon-theme-breeze/3
loop15   7:15   0  44,4M  1 loop /snap/snapd/23545
loop16   7:16   0  44,4M  1 loop /snap/snapd/23771
loop17   7:17   0 210,4M  1 loop /snap/thunderbird/663
loop18   7:18   0 210,4M  1 loop /snap/thunderbird/644
sda      8:0    0    20G  0 disk 
‚îî‚îÄsda1   8:1    0    20G  0 part /
sr0     11:0    1  57,4M  0 rom  


[2025-03-06 16:21:19] >>> –ò–Ω—Ñ–æ—Ä–º–∞—Ü–∏—è –æ —Å–µ—Ç–µ–≤—ã—Ö –∏–Ω—Ç–µ—Ä—Ñ–µ–π—Å–∞—Ö (ip a) <<<


root@immortal-virtualbox:/home/immortal/labs/Malinovskii_Aleksandr_lb2$ ip a
1: lo: <LOOPBACK,UP,LOWER_UP> mtu 65536 qdisc noqueue state UNKNOWN group default qlen 1000
    link/loopback 00:00:00:00:00:00 brd 00:00:00:00:00:00
    inet 127.0.0.1/8 scope host lo
       valid_lft forever preferred_lft forever
    inet6 ::1/128 scope host noprefixroute 
       valid_lft forever preferred_lft forever
2: enp0s3: <BROADCAST,MULTICAST,UP,LOWER_UP> mtu 1500 qdisc fq_codel state UP group default qlen 1000
    link/ether 08:00:27:9c:d2:56 brd ff:ff:ff:ff:ff:ff
    inet 10.0.2.15/24 brd 10.0.2.255 scope global dynamic noprefixroute enp0s3
       valid_lft 84988sec preferred_lft 84988sec
    inet6 fd00::6668:828b:9ba0:e9ea/64 scope global temporary dynamic 
       valid_lft 86203sec preferred_lft 14203sec
    inet6 fd00::80f:6263:cd47:52af/64 scope global dynamic mngtmpaddr noprefixroute 
       valid_lft 86203sec preferred_lft 14203sec
    inet6 fe80::de6f:659a:67d9:e9d7/64 scope link noprefixroute 
       valid_lft forever preferred_lft forever


[2025-03-06 16:21:19] –ò–î–ï–ù–¢–ò–§–ò–ö–ê–¶–ò–Ø –í–ò–†–¢–£–ê–õ–¨–ù–û–ô –ú–ê–®–ò–ù–´

[2025-03-06 16:21:19] –°–∏—Å—Ç–µ–º–∞ –∑–∞–ø—É—â–µ–Ω–∞ –≤ –≤–∏—Ä—Ç—É–∞–ª—å–Ω–æ–π –º–∞—à–∏–Ω–µ.

[2025-03-06 16:21:19] –¢–∏–ø –≤–∏—Ä—Ç—É–∞–ª–∏–∑–∞—Ü–∏–∏: oracle

-----------------------------------------------------------------

[2025-03-06 16:21:19] –ò–î–ï–ù–¢–ò–§–ò–ö–ê–¶–ò–Ø/–û–ü–ò–°–ê–ù–ò–ï –û–°

[2025-03-06 16:21:19] >>> –ò–Ω—Ñ–æ—Ä–º–∞—Ü–∏—è –æ —è–¥—Ä–µ (uname -a) <<<


root@immortal-virtualbox:/home/immortal/labs/Malinovskii_Aleksandr_lb2$ uname -a
Linux immortal-virtualbox 6.11.0-14-generic #15-Ubuntu SMP PREEMPT_DYNAMIC Fri Jan 10 23:48:25 UTC 2025 x86_64 x86_64 x86_64 GNU/Linux


[2025-03-06 16:21:19] >>> –ò–Ω—Ñ–æ—Ä–º–∞—Ü–∏—è –æ –≤–µ—Ä—Å–∏–∏ –û–° (lsb_release -a) <<<


root@immortal-virtualbox:/home/immortal/labs/Malinovskii_Aleksandr_lb2$ lsb_release -a
Distributor ID:	Ubuntu
Description:	Ubuntu 24.10
Release:	24.10
Codename:	oracular


-----------------------------------------------------------------

[2025-03-06 16:21:19] –í–´–ü–û–õ–ù–ï–ù–ò–ï –ó–ê–î–ê–ù–ò–Ø 2.3 (–°–∫—Ä–∏–ø—Ç)

[2025-03-06 16:21:19] –ó–∞–ø—É—Å–∫ —Å–∫—Ä–∏–ø—Ç–∞ ./2/2.3/2.3.sh –±–µ–∑ –∞—Ä–≥—É–º–µ–Ω—Ç–æ–≤.
[01m[Kcc1:[m[K [01;31m[Kfatal error: [m[Kexec.c: –ù–µ—Ç —Ç–∞–∫–æ–≥–æ —Ñ–∞–π–ª–∞ –∏–ª–∏ –∫–∞—Ç–∞–ª–æ–≥–∞
compilation terminated.
./2/2.3/2.3.sh: —Å—Ç—Ä–æ–∫–∞ 4: ./exec: –ù–µ—Ç —Ç–∞–∫–æ–≥–æ —Ñ–∞–π–ª–∞ –∏–ª–∏ –∫–∞—Ç–∞–ª–æ–≥–∞

Script done on 2025-03-06 16:21:19+03:00 [COMMAND_EXIT_CODE="127"]
Script started on 2025-03-06 16:22:16+03:00 [COMMAND="./logger.sh" TERM="xterm-256color" TTY="/dev/pts/3" COLUMNS="189" LINES="19"]
=================================================================
                   –û–¢–ß–Å–¢ –ü–û –õ–ê–ë–û–†–ê–¢–û–†–ù–û–ô –†–ê–ë–û–¢–ï
=================================================================
–î–∞—Ç–∞ –∏—Å–ø–æ–ª–Ω–µ–Ω–∏—è –æ—Ç—á—ë—Ç–∞: 2025-03-06 16:22:16
–ò–¥–µ–Ω—Ç–∏—Ñ–∏–∫–∞—Ü–∏—è –∏—Å–ø–æ–ª–Ω–∏—Ç–µ–ª—è: root
–ì—Ä—É–ø–ø–∞: 3343
–§–ò–û: –ì—Ä–µ–±–Ω–µ–≤ –ï–≥–æ—Ä –î–º–∏—Ç—Ä–∏–µ–≤–∏—á
-----------------------------------------------------------------

[2025-03-06 16:22:16] –ü–†–û–§–ò–õ–¨ –°–ò–°–¢–ï–ú–´

[2025-03-06 16:22:16] >>> –ò–Ω—Ñ–æ—Ä–º–∞—Ü–∏—è –æ –ø—Ä–æ—Ü–µ—Å—Å–æ—Ä–µ (lscpu) <<<


root@immortal-virtualbox:/home/immortal/labs/Malinovskii_Aleksandr_lb2$ lscpu
–ê—Ä—Ö–∏—Ç–µ–∫—Ç—É—Ä–∞:                          x86_64
CPU op-mode(s):                       32-bit, 64-bit
Address sizes:                        39 bits physical, 48 bits virtual
–ü–æ—Ä—è–¥–æ–∫ –±–∞–π—Ç:                         Little Endian
CPU(s):                               4
On-line CPU(s) list:                  0-3
ID –ø—Ä—Ä–æ–∏–∑–≤–æ–¥–∏—Ç–µ–ª—è:                    GenuineIntel
–ò–º—è –º–æ–¥–µ–ª–∏:                           11th Gen Intel(R) Core(TM) i5-1155G7 @ 2.50GHz
BIOS Model name:                        CPU @ 0.0GHz
BIOS CPU family:                      0
–°–µ–º–µ–π—Å—Ç–≤–æ –¶–ü–£:                        6
–ú–æ–¥–µ–ª—å:                               140
–ü–æ—Ç–æ–∫–æ–≤ –Ω–∞ —è–¥—Ä–æ:                      1
–Ø–¥–µ—Ä –Ω–∞ —Å–æ–∫–µ—Ç:                        4
–°–æ–∫–µ—Ç–æ–≤:                              1
–°—Ç–µ–ø–ø–∏–Ω–≥:                             2
BogoMIPS:                             4992,02
–§–ª–∞–≥–∏:                                fpu vme de pse tsc msr pae mce cx8 apic sep mtrr pge mca cmov pat pse36 clflush mmx fxsr sse sse2 ht syscall nx rdtscp lm constant_tsc rep_good nopl xtopology nonstop_tsc cpuid tsc_known_freq pni pclmulqdq ssse3 cx16 pcid sse4_1 sse4_2 movbe popcnt aes rdrand hypervisor lahf_lm abm 3dnowprefetch ibrs_enhanced fsgsbase bmi1 bmi2 invpcid rdseed adx clflushopt sha_ni arat md_clear flush_l1d arch_capabilities
–†–∞–∑—Ä–∞–±–æ—Ç—á–∏–∫ –≥–∏–ø–µ—Ä–≤–∏–∑–æ—Ä–∞:              KVM
–¢–∏–ø –≤–∏—Ä—Ç—É–∞–ª–∏–∑–∞—Ü–∏–∏:                    –ø–æ–ª–Ω—ã–π
L1d cache:                            192 KiB (4 instances)
L1i cache:                            128 KiB (4 instances)
L2 cache:                             5 MiB (4 instances)
L3 cache:                             32 MiB (4 instances)
NUMA node(s):                         1
NUMA node0 CPU(s):                    0-3
Vulnerability Gather data sampling:   Not affected
Vulnerability Itlb multihit:          Not affected
Vulnerability L1tf:                   Not affected
Vulnerability Mds:                    Not affected
Vulnerability Meltdown:               Not affected
Vulnerability Mmio stale data:        Not affected
Vulnerability Reg file data sampling: Not affected
Vulnerability Retbleed:               Mitigation; Enhanced IBRS
Vulnerability Spec rstack overflow:   Not affected
Vulnerability Spec store bypass:      Vulnerable
Vulnerability Spectre v1:             Mitigation; usercopy/swapgs barriers and __user pointer sanitization
Vulnerability Spectre v2:             Mitigation; Enhanced / Automatic IBRS; RSB filling; PBRSB-eIBRS SW sequence; BHI SW loop, KVM SW loop
Vulnerability Srbds:                  Not affected
Vulnerability Tsx async abort:        Not affected


[2025-03-06 16:22:16] >>> –ò–Ω—Ñ–æ—Ä–º–∞—Ü–∏—è –æ –ø–∞–º—è—Ç–∏ (free -h) <<<


root@immortal-virtualbox:/home/immortal/labs/Malinovskii_Aleksandr_lb2$ free -h
               –≤—Å–µ–≥–æ        –∑–∞–Ω—è—Ç        —Å–≤–æ–±      –æ–±—â–∞—è  –±—É—Ñ/–≤—Ä–µ–º.   –¥–æ—Å—Ç—É–ø–Ω–æ
–ü–∞–º—è—Ç—å:        3,8Gi       2,3Gi       188Mi       138Mi       1,7Gi       1,5Gi
–ü–æ–¥–∫–∞—á–∫–∞:      511Mi          0B       511Mi


[2025-03-06 16:22:16] >>> –ò–Ω—Ñ–æ—Ä–º–∞—Ü–∏—è –æ –¥–∏—Å–∫–∞—Ö (lsblk) <<<


root@immortal-virtualbox:/home/immortal/labs/Malinovskii_Aleksandr_lb2$ lsblk
NAME   MAJ:MIN RM   SIZE RO TYPE MOUNTPOINTS
loop0    7:0    0  74,2M  1 loop /snap/core22/1621
loop1    7:1    0     4K  1 loop /snap/bare/5
loop2    7:2    0   258M  1 loop /snap/firefox/5751
loop3    7:3    0  73,9M  1 loop /snap/core22/1748
loop4    7:4    0 257,9M  1 loop /snap/firefox/5783
loop5    7:5    0  10,7M  1 loop /snap/firmware-updater/127
loop6    7:6    0  11,1M  1 loop /snap/firmware-updater/167
loop7    7:7    0   516M  1 loop /snap/gnome-42-2204/202
loop8    7:8    0 505,1M  1 loop /snap/gnome-42-2204/176
loop9    7:9    0  89,7M  1 loop /snap/gtk-common-themes/1536
loop10   7:10   0   125M  1 loop /snap/gtk-theme-breeze/2
loop11   7:11   0  91,7M  1 loop /snap/gtk-common-themes/1535
loop12   7:12   0  13,2M  1 loop /snap/icon-theme-breeze/5
loop13   7:13   0   264K  1 loop /snap/gtk-theme-breeze/5
loop14   7:14   0    14M  1 loop /snap/icon-theme-breeze/3
loop15   7:15   0  44,4M  1 loop /snap/snapd/23545
loop16   7:16   0  44,4M  1 loop /snap/snapd/23771
loop17   7:17   0 210,4M  1 loop /snap/thunderbird/663
loop18   7:18   0 210,4M  1 loop /snap/thunderbird/644
sda      8:0    0    20G  0 disk 
‚îî‚îÄsda1   8:1    0    20G  0 part /
sr0     11:0    1  57,4M  0 rom  


[2025-03-06 16:22:16] >>> –ò–Ω—Ñ–æ—Ä–º–∞—Ü–∏—è –æ —Å–µ—Ç–µ–≤—ã—Ö –∏–Ω—Ç–µ—Ä—Ñ–µ–π—Å–∞—Ö (ip a) <<<


root@immortal-virtualbox:/home/immortal/labs/Malinovskii_Aleksandr_lb2$ ip a
1: lo: <LOOPBACK,UP,LOWER_UP> mtu 65536 qdisc noqueue state UNKNOWN group default qlen 1000
    link/loopback 00:00:00:00:00:00 brd 00:00:00:00:00:00
    inet 127.0.0.1/8 scope host lo
       valid_lft forever preferred_lft forever
    inet6 ::1/128 scope host noprefixroute 
       valid_lft forever preferred_lft forever
2: enp0s3: <BROADCAST,MULTICAST,UP,LOWER_UP> mtu 1500 qdisc fq_codel state UP group default qlen 1000
    link/ether 08:00:27:9c:d2:56 brd ff:ff:ff:ff:ff:ff
    inet 10.0.2.15/24 brd 10.0.2.255 scope global dynamic noprefixroute enp0s3
       valid_lft 84931sec preferred_lft 84931sec
    inet6 fd00::6668:828b:9ba0:e9ea/64 scope global temporary dynamic 
       valid_lft 86146sec preferred_lft 14146sec
    inet6 fd00::80f:6263:cd47:52af/64 scope global dynamic mngtmpaddr noprefixroute 
       valid_lft 86146sec preferred_lft 14146sec
    inet6 fe80::de6f:659a:67d9:e9d7/64 scope link noprefixroute 
       valid_lft forever preferred_lft forever


[2025-03-06 16:22:16] –ò–î–ï–ù–¢–ò–§–ò–ö–ê–¶–ò–Ø –í–ò–†–¢–£–ê–õ–¨–ù–û–ô –ú–ê–®–ò–ù–´

[2025-03-06 16:22:16] –°–∏—Å—Ç–µ–º–∞ –∑–∞–ø—É—â–µ–Ω–∞ –≤ –≤–∏—Ä—Ç—É–∞–ª—å–Ω–æ–π –º–∞—à–∏–Ω–µ.

[2025-03-06 16:22:16] –¢–∏–ø –≤–∏—Ä—Ç—É–∞–ª–∏–∑–∞—Ü–∏–∏: oracle

-----------------------------------------------------------------

[2025-03-06 16:22:16] –ò–î–ï–ù–¢–ò–§–ò–ö–ê–¶–ò–Ø/–û–ü–ò–°–ê–ù–ò–ï –û–°

[2025-03-06 16:22:16] >>> –ò–Ω—Ñ–æ—Ä–º–∞—Ü–∏—è –æ —è–¥—Ä–µ (uname -a) <<<


root@immortal-virtualbox:/home/immortal/labs/Malinovskii_Aleksandr_lb2$ uname -a
Linux immortal-virtualbox 6.11.0-14-generic #15-Ubuntu SMP PREEMPT_DYNAMIC Fri Jan 10 23:48:25 UTC 2025 x86_64 x86_64 x86_64 GNU/Linux


[2025-03-06 16:22:16] >>> –ò–Ω—Ñ–æ—Ä–º–∞—Ü–∏—è –æ –≤–µ—Ä—Å–∏–∏ –û–° (lsb_release -a) <<<


root@immortal-virtualbox:/home/immortal/labs/Malinovskii_Aleksandr_lb2$ lsb_release -a
Distributor ID:	Ubuntu
Description:	Ubuntu 24.10
Release:	24.10
Codename:	oracular


-----------------------------------------------------------------

[2025-03-06 16:22:16] –í–´–ü–û–õ–ù–ï–ù–ò–ï –ó–ê–î–ê–ù–ò–Ø 2.3 (–°–∫—Ä–∏–ø—Ç)

[2025-03-06 16:22:16] –ó–∞–ø—É—Å–∫ —Å–∫—Ä–∏–ø—Ç–∞ ./2/2.3/2.3.sh –±–µ–∑ –∞—Ä–≥—É–º–µ–Ω—Ç–æ–≤.
–î–µ–º–æ–Ω—Å—Ç—Ä–∞—Ü–∏—è —Ä–∞–±–æ—Ç—ã —Ä–∞–∑–ª–∏—á–Ω—ã—Ö —Ñ—É–Ω–∫—Ü–∏–π —Å–µ–º–µ–π—Å—Ç–≤–∞ exec():

--- –ó–∞–ø—É—Å–∫ execl ---
–î–æ—á–µ—Ä–Ω–∏–π –ø—Ä–æ—Ü–µ—Å—Å [4463]: –ó–∞–ø—É—Å–∫ –∫–æ–º–∞–Ω–¥—ã 'ls -l -a' —Å –∏—Å–ø–æ–ª—å–∑–æ–≤–∞–Ω–∏–µ–º execl...
–∏—Ç–æ–≥–æ 44
drwxrwxr-x 2 immortal immortal  4096 –º–∞—Ä  6 16:22 .
drwxrwxr-x 6 immortal immortal  4096 –º–∞—Ä  6 16:13 ..
-rwxrwxr-x 1 immortal immortal    48 –º–∞—Ä  6 16:22 2.3.sh
-rwxr-xr-x 1 root     root     16888 –º–∞—Ä  6 16:22 exec
-rw-rw-r-- 1 immortal immortal  9031 –º–∞—Ä  6 16:15 exec.c
–î–æ—á–µ—Ä–Ω–∏–π –ø—Ä–æ—Ü–µ—Å—Å –∑–∞–≤–µ—Ä—à–∏–ª—Å—è —Å –∫–æ–¥–æ–º: 0

--- –ó–∞–ø—É—Å–∫ execlp ---
–î–æ—á–µ—Ä–Ω–∏–π –ø—Ä–æ—Ü–µ—Å—Å [4464]: –ó–∞–ø—É—Å–∫ –∫–æ–º–∞–Ω–¥—ã 'ls -l -a' —Å –∏—Å–ø–æ–ª—å–∑–æ–≤–∞–Ω–∏–µ–º execlp...
–∏—Ç–æ–≥–æ 44
drwxrwxr-x 2 immortal immortal  4096 –º–∞—Ä  6 16:22 .
drwxrwxr-x 6 immortal immortal  4096 –º–∞—Ä  6 16:13 ..
-rwxrwxr-x 1 immortal immortal    48 –º–∞—Ä  6 16:22 2.3.sh
-rwxr-xr-x 1 root     root     16888 –º–∞—Ä  6 16:22 exec
-rw-rw-r-- 1 immortal immortal  9031 –º–∞—Ä  6 16:15 exec.c
–î–æ—á–µ—Ä–Ω–∏–π –ø—Ä–æ—Ü–µ—Å—Å –∑–∞–≤–µ—Ä—à–∏–ª—Å—è —Å –∫–æ–¥–æ–º: 0

--- –ó–∞–ø—É—Å–∫ execle ---
–î–æ—á–µ—Ä–Ω–∏–π –ø—Ä–æ—Ü–µ—Å—Å [4465]: –ó–∞–ø—É—Å–∫ –∫–æ–º–∞–Ω–¥—ã 'ls -l -a' —Å –∏—Å–ø–æ–ª—å–∑–æ–≤–∞–Ω–∏–µ–º execle –∏ –ø–æ–ª—å–∑–æ–≤–∞—Ç–µ–ª—å—Å–∫–æ–≥–æ –æ–∫—Ä—É–∂–µ–Ω–∏—è...
total 44
drwxrwxr-x 2 immortal immortal  4096 Mar  6 16:22 .
drwxrwxr-x 6 immortal immortal  4096 Mar  6 16:13 ..
-rwxrwxr-x 1 immortal immortal    48 Mar  6 16:22 2.3.sh
-rwxr-xr-x 1 root     root     16888 Mar  6 16:22 exec
-rw-rw-r-- 1 immortal immortal  9031 Mar  6 16:15 exec.c
–î–æ—á–µ—Ä–Ω–∏–π –ø—Ä–æ—Ü–µ—Å—Å –∑–∞–≤–µ—Ä—à–∏–ª—Å—è —Å –∫–æ–¥–æ–º: 0

--- –ó–∞–ø—É—Å–∫ execv ---
–î–æ—á–µ—Ä–Ω–∏–π –ø—Ä–æ—Ü–µ—Å—Å [4466]: –ó–∞–ø—É—Å–∫ –∫–æ–º–∞–Ω–¥—ã 'ls -l -a' —Å –∏—Å–ø–æ–ª—å–∑–æ–≤–∞–Ω–∏–µ–º execv...
–∏—Ç–æ–≥–æ 44
drwxrwxr-x 2 immortal immortal  4096 –º–∞—Ä  6 16:22 .
drwxrwxr-x 6 immortal immortal  4096 –º–∞—Ä  6 16:13 ..
-rwxrwxr-x 1 immortal immortal    48 –º–∞—Ä  6 16:22 2.3.sh
-rwxr-xr-x 1 root     root     16888 –º–∞—Ä  6 16:22 exec
-rw-rw-r-- 1 immortal immortal  9031 –º–∞—Ä  6 16:15 exec.c
–î–æ—á–µ—Ä–Ω–∏–π –ø—Ä–æ—Ü–µ—Å—Å –∑–∞–≤–µ—Ä—à–∏–ª—Å—è —Å –∫–æ–¥–æ–º: 0

--- –ó–∞–ø—É—Å–∫ execvp ---
–î–æ—á–µ—Ä–Ω–∏–π –ø—Ä–æ—Ü–µ—Å—Å [4467]: –ó–∞–ø—É—Å–∫ –∫–æ–º–∞–Ω–¥—ã 'ls -l -a' —Å –∏—Å–ø–æ–ª—å–∑–æ–≤–∞–Ω–∏–µ–º execvp...
–∏—Ç–æ–≥–æ 44
drwxrwxr-x 2 immortal immortal  4096 –º–∞—Ä  6 16:22 .
drwxrwxr-x 6 immortal immortal  4096 –º–∞—Ä  6 16:13 ..
-rwxrwxr-x 1 immortal immortal    48 –º–∞—Ä  6 16:22 2.3.sh
-rwxr-xr-x 1 root     root     16888 –º–∞—Ä  6 16:22 exec
-rw-rw-r-- 1 immortal immortal  9031 –º–∞—Ä  6 16:15 exec.c
–î–æ—á–µ—Ä–Ω–∏–π –ø—Ä–æ—Ü–µ—Å—Å –∑–∞–≤–µ—Ä—à–∏–ª—Å—è —Å –∫–æ–¥–æ–º: 0

--- –ó–∞–ø—É—Å–∫ execve ---
–î–æ—á–µ—Ä–Ω–∏–π –ø—Ä–æ—Ü–µ—Å—Å [4468]: –ó–∞–ø—É—Å–∫ –∫–æ–º–∞–Ω–¥—ã 'ls -l -a' —Å –∏—Å–ø–æ–ª—å–∑–æ–≤–∞–Ω–∏–µ–º execve –∏ –ø–æ–ª—å–∑–æ–≤–∞—Ç–µ–ª—å—Å–∫–æ–≥–æ –æ–∫—Ä—É–∂–µ–Ω–∏—è...
total 44
drwxrwxr-x 2 immortal immortal  4096 Mar  6 16:22 .
drwxrwxr-x 6 immortal immortal  4096 Mar  6 16:13 ..
-rwxrwxr-x 1 immortal immortal    48 Mar  6 16:22 2.3.sh
-rwxr-xr-x 1 root     root     16888 Mar  6 16:22 exec
-rw-rw-r-- 1 immortal immortal  9031 Mar  6 16:15 exec.c
–î–æ—á–µ—Ä–Ω–∏–π –ø—Ä–æ—Ü–µ—Å—Å –∑–∞–≤–µ—Ä—à–∏–ª—Å—è —Å –∫–æ–¥–æ–º: 0

–í—Å–µ –¥–æ—á–µ—Ä–Ω–∏–µ –ø—Ä–æ—Ü–µ—Å—Å—ã –∑–∞–≤–µ—Ä—à–µ–Ω—ã.

[2025-03-06 16:22:16] –í—Ä–µ–º—è –≤—ã–ø–æ–ª–Ω–µ–Ω–∏—è –∑–∞–¥–∞–Ω–∏—è 2.3: 0 —Å–µ–∫—É–Ω–¥.

[2025-03-06 16:22:16] –û–±—â–µ–µ –≤—Ä–µ–º—è –≤—ã–ø–æ–ª–Ω–µ–Ω–∏—è —Å–∫—Ä–∏–ø—Ç–∞: 0 —Å–µ–∫—É–Ω–¥.
=================================================================
                      –û–¢–ß–Å–¢ –ó–ê–í–ï–†–®–Å–ù
=================================================================

[2025-03-06 16:22:16] –û—Å–Ω–æ–≤–Ω–æ–π –æ—Ç—á—ë—Ç —Å–æ—Ö—Ä–∞–Ω—ë–Ω –≤ —Ñ–∞–π–ª: lab_report.log

Script done on 2025-03-06 16:22:16+03:00 [COMMAND_EXIT_CODE="0"]
Script started on 2025-03-06 16:22:39+03:00 [COMMAND="./logger.sh" TERM="xterm-256color" TTY="/dev/pts/3" COLUMNS="189" LINES="19"]
=================================================================
                   –û–¢–ß–Å–¢ –ü–û –õ–ê–ë–û–†–ê–¢–û–†–ù–û–ô –†–ê–ë–û–¢–ï
=================================================================
–î–∞—Ç–∞ –∏—Å–ø–æ–ª–Ω–µ–Ω–∏—è –æ—Ç—á—ë—Ç–∞: 2025-03-06 16:22:39
–ò–¥–µ–Ω—Ç–∏—Ñ–∏–∫–∞—Ü–∏—è –∏—Å–ø–æ–ª–Ω–∏—Ç–µ–ª—è: root
–ì—Ä—É–ø–ø–∞: 3343
–§–ò–û: –ì—Ä–µ–±–Ω–µ–≤ –ï–≥–æ—Ä –î–º–∏—Ç—Ä–∏–µ–≤–∏—á
-----------------------------------------------------------------

[2025-03-06 16:22:39] –ü–†–û–§–ò–õ–¨ –°–ò–°–¢–ï–ú–´

[2025-03-06 16:22:39] >>> –ò–Ω—Ñ–æ—Ä–º–∞—Ü–∏—è –æ –ø—Ä–æ—Ü–µ—Å—Å–æ—Ä–µ (lscpu) <<<


root@immortal-virtualbox:/home/immortal/labs/Malinovskii_Aleksandr_lb2$ lscpu
–ê—Ä—Ö–∏—Ç–µ–∫—Ç—É—Ä–∞:                          x86_64
CPU op-mode(s):                       32-bit, 64-bit
Address sizes:                        39 bits physical, 48 bits virtual
–ü–æ—Ä—è–¥–æ–∫ –±–∞–π—Ç:                         Little Endian
CPU(s):                               4
On-line CPU(s) list:                  0-3
ID –ø—Ä—Ä–æ–∏–∑–≤–æ–¥–∏—Ç–µ–ª—è:                    GenuineIntel
–ò–º—è –º–æ–¥–µ–ª–∏:                           11th Gen Intel(R) Core(TM) i5-1155G7 @ 2.50GHz
BIOS Model name:                        CPU @ 0.0GHz
BIOS CPU family:                      0
–°–µ–º–µ–π—Å—Ç–≤–æ –¶–ü–£:                        6
–ú–æ–¥–µ–ª—å:                               140
–ü–æ—Ç–æ–∫–æ–≤ –Ω–∞ —è–¥—Ä–æ:                      1
–Ø–¥–µ—Ä –Ω–∞ —Å–æ–∫–µ—Ç:                        4
–°–æ–∫–µ—Ç–æ–≤:                              1
–°—Ç–µ–ø–ø–∏–Ω–≥:                             2
BogoMIPS:                             4992,02
–§–ª–∞–≥–∏:                                fpu vme de pse tsc msr pae mce cx8 apic sep mtrr pge mca cmov pat pse36 clflush mmx fxsr sse sse2 ht syscall nx rdtscp lm constant_tsc rep_good nopl xtopology nonstop_tsc cpuid tsc_known_freq pni pclmulqdq ssse3 cx16 pcid sse4_1 sse4_2 movbe popcnt aes rdrand hypervisor lahf_lm abm 3dnowprefetch ibrs_enhanced fsgsbase bmi1 bmi2 invpcid rdseed adx clflushopt sha_ni arat md_clear flush_l1d arch_capabilities
–†–∞–∑—Ä–∞–±–æ—Ç—á–∏–∫ –≥–∏–ø–µ—Ä–≤–∏–∑–æ—Ä–∞:              KVM
–¢–∏–ø –≤–∏—Ä—Ç—É–∞–ª–∏–∑–∞—Ü–∏–∏:                    –ø–æ–ª–Ω—ã–π
L1d cache:                            192 KiB (4 instances)
L1i cache:                            128 KiB (4 instances)
L2 cache:                             5 MiB (4 instances)
L3 cache:                             32 MiB (4 instances)
NUMA node(s):                         1
NUMA node0 CPU(s):                    0-3
Vulnerability Gather data sampling:   Not affected
Vulnerability Itlb multihit:          Not affected
Vulnerability L1tf:                   Not affected
Vulnerability Mds:                    Not affected
Vulnerability Meltdown:               Not affected
Vulnerability Mmio stale data:        Not affected
Vulnerability Reg file data sampling: Not affected
Vulnerability Retbleed:               Mitigation; Enhanced IBRS
Vulnerability Spec rstack overflow:   Not affected
Vulnerability Spec store bypass:      Vulnerable
Vulnerability Spectre v1:             Mitigation; usercopy/swapgs barriers and __user pointer sanitization
Vulnerability Spectre v2:             Mitigation; Enhanced / Automatic IBRS; RSB filling; PBRSB-eIBRS SW sequence; BHI SW loop, KVM SW loop
Vulnerability Srbds:                  Not affected
Vulnerability Tsx async abort:        Not affected


[2025-03-06 16:22:39] >>> –ò–Ω—Ñ–æ—Ä–º–∞—Ü–∏—è –æ –ø–∞–º—è—Ç–∏ (free -h) <<<


root@immortal-virtualbox:/home/immortal/labs/Malinovskii_Aleksandr_lb2$ free -h
               –≤—Å–µ–≥–æ        –∑–∞–Ω—è—Ç        —Å–≤–æ–±      –æ–±—â–∞—è  –±—É—Ñ/–≤—Ä–µ–º.   –¥–æ—Å—Ç—É–ø–Ω–æ
–ü–∞–º—è—Ç—å:        3,8Gi       2,3Gi       182Mi       143Mi       1,7Gi       1,5Gi
–ü–æ–¥–∫–∞—á–∫–∞:      511Mi          0B       511Mi


[2025-03-06 16:22:39] >>> –ò–Ω—Ñ–æ—Ä–º–∞—Ü–∏—è –æ –¥–∏—Å–∫–∞—Ö (lsblk) <<<


root@immortal-virtualbox:/home/immortal/labs/Malinovskii_Aleksandr_lb2$ lsblk
NAME   MAJ:MIN RM   SIZE RO TYPE MOUNTPOINTS
loop0    7:0    0  74,2M  1 loop /snap/core22/1621
loop1    7:1    0     4K  1 loop /snap/bare/5
loop2    7:2    0   258M  1 loop /snap/firefox/5751
loop3    7:3    0  73,9M  1 loop /snap/core22/1748
loop4    7:4    0 257,9M  1 loop /snap/firefox/5783
loop5    7:5    0  10,7M  1 loop /snap/firmware-updater/127
loop6    7:6    0  11,1M  1 loop /snap/firmware-updater/167
loop7    7:7    0   516M  1 loop /snap/gnome-42-2204/202
loop8    7:8    0 505,1M  1 loop /snap/gnome-42-2204/176
loop9    7:9    0  89,7M  1 loop /snap/gtk-common-themes/1536
loop10   7:10   0   125M  1 loop /snap/gtk-theme-breeze/2
loop11   7:11   0  91,7M  1 loop /snap/gtk-common-themes/1535
loop12   7:12   0  13,2M  1 loop /snap/icon-theme-breeze/5
loop13   7:13   0   264K  1 loop /snap/gtk-theme-breeze/5
loop14   7:14   0    14M  1 loop /snap/icon-theme-breeze/3
loop15   7:15   0  44,4M  1 loop /snap/snapd/23545
loop16   7:16   0  44,4M  1 loop /snap/snapd/23771
loop17   7:17   0 210,4M  1 loop /snap/thunderbird/663
loop18   7:18   0 210,4M  1 loop /snap/thunderbird/644
sda      8:0    0    20G  0 disk 
‚îî‚îÄsda1   8:1    0    20G  0 part /
sr0     11:0    1  57,4M  0 rom  


[2025-03-06 16:22:40] >>> –ò–Ω—Ñ–æ—Ä–º–∞—Ü–∏—è –æ —Å–µ—Ç–µ–≤—ã—Ö –∏–Ω—Ç–µ—Ä—Ñ–µ–π—Å–∞—Ö (ip a) <<<


root@immortal-virtualbox:/home/immortal/labs/Malinovskii_Aleksandr_lb2$ ip a
1: lo: <LOOPBACK,UP,LOWER_UP> mtu 65536 qdisc noqueue state UNKNOWN group default qlen 1000
    link/loopback 00:00:00:00:00:00 brd 00:00:00:00:00:00
    inet 127.0.0.1/8 scope host lo
       valid_lft forever preferred_lft forever
    inet6 ::1/128 scope host noprefixroute 
       valid_lft forever preferred_lft forever
2: enp0s3: <BROADCAST,MULTICAST,UP,LOWER_UP> mtu 1500 qdisc fq_codel state UP group default qlen 1000
    link/ether 08:00:27:9c:d2:56 brd ff:ff:ff:ff:ff:ff
    inet 10.0.2.15/24 brd 10.0.2.255 scope global dynamic noprefixroute enp0s3
       valid_lft 84907sec preferred_lft 84907sec
    inet6 fd00::6668:828b:9ba0:e9ea/64 scope global temporary dynamic 
       valid_lft 86122sec preferred_lft 14122sec
    inet6 fd00::80f:6263:cd47:52af/64 scope global dynamic mngtmpaddr noprefixroute 
       valid_lft 86122sec preferred_lft 14122sec
    inet6 fe80::de6f:659a:67d9:e9d7/64 scope link noprefixroute 
       valid_lft forever preferred_lft forever


[2025-03-06 16:22:40] –ò–î–ï–ù–¢–ò–§–ò–ö–ê–¶–ò–Ø –í–ò–†–¢–£–ê–õ–¨–ù–û–ô –ú–ê–®–ò–ù–´

[2025-03-06 16:22:40] –°–∏—Å—Ç–µ–º–∞ –∑–∞–ø—É—â–µ–Ω–∞ –≤ –≤–∏—Ä—Ç—É–∞–ª—å–Ω–æ–π –º–∞—à–∏–Ω–µ.

[2025-03-06 16:22:40] –¢–∏–ø –≤–∏—Ä—Ç—É–∞–ª–∏–∑–∞—Ü–∏–∏: oracle

-----------------------------------------------------------------

[2025-03-06 16:22:40] –ò–î–ï–ù–¢–ò–§–ò–ö–ê–¶–ò–Ø/–û–ü–ò–°–ê–ù–ò–ï –û–°

[2025-03-06 16:22:40] >>> –ò–Ω—Ñ–æ—Ä–º–∞—Ü–∏—è –æ —è–¥—Ä–µ (uname -a) <<<


root@immortal-virtualbox:/home/immortal/labs/Malinovskii_Aleksandr_lb2$ uname -a
Linux immortal-virtualbox 6.11.0-14-generic #15-Ubuntu SMP PREEMPT_DYNAMIC Fri Jan 10 23:48:25 UTC 2025 x86_64 x86_64 x86_64 GNU/Linux


[2025-03-06 16:22:40] >>> –ò–Ω—Ñ–æ—Ä–º–∞—Ü–∏—è –æ –≤–µ—Ä—Å–∏–∏ –û–° (lsb_release -a) <<<


root@immortal-virtualbox:/home/immortal/labs/Malinovskii_Aleksandr_lb2$ lsb_release -a
Distributor ID:	Ubuntu
Description:	Ubuntu 24.10
Release:	24.10
Codename:	oracular


-----------------------------------------------------------------

[2025-03-06 16:22:40] –í–´–ü–û–õ–ù–ï–ù–ò–ï –ó–ê–î–ê–ù–ò–Ø 2.3 (–°–∫—Ä–∏–ø—Ç)

[2025-03-06 16:22:40] –ó–∞–ø—É—Å–∫ —Å–∫—Ä–∏–ø—Ç–∞ ./2/2.3/2.3.sh –±–µ–∑ –∞—Ä–≥—É–º–µ–Ω—Ç–æ–≤.
–î–µ–º–æ–Ω—Å—Ç—Ä–∞—Ü–∏—è —Ä–∞–±–æ—Ç—ã —Ä–∞–∑–ª–∏—á–Ω—ã—Ö —Ñ—É–Ω–∫—Ü–∏–π —Å–µ–º–µ–π—Å—Ç–≤–∞ exec():

--- –ó–∞–ø—É—Å–∫ execl ---
–î–æ—á–µ—Ä–Ω–∏–π –ø—Ä–æ—Ü–µ—Å—Å [4596]: –ó–∞–ø—É—Å–∫ –∫–æ–º–∞–Ω–¥—ã 'ls -l' —Å –∏—Å–ø–æ–ª—å–∑–æ–≤–∞–Ω–∏–µ–º execl...
–∏—Ç–æ–≥–æ 36
-rwxrwxr-x 1 immortal immortal    48 –º–∞—Ä  6 16:22 2.3.sh
-rwxr-xr-x 1 root     root     16888 –º–∞—Ä  6 16:22 exec
-rw-rw-r-- 1 immortal immortal  9294 –º–∞—Ä  6 16:22 exec.c
–î–æ—á–µ—Ä–Ω–∏–π –ø—Ä–æ—Ü–µ—Å—Å –∑–∞–≤–µ—Ä—à–∏–ª—Å—è —Å –∫–æ–¥–æ–º: 0

--- –ó–∞–ø—É—Å–∫ execlp ---
–î–æ—á–µ—Ä–Ω–∏–π –ø—Ä–æ—Ü–µ—Å—Å [4597]: –ó–∞–ø—É—Å–∫ –∫–æ–º–∞–Ω–¥—ã 'ls -a' —Å –∏—Å–ø–æ–ª—å–∑–æ–≤–∞–Ω–∏–µ–º execlp...
.  ..  2.3.sh  exec  exec.c
–î–æ—á–µ—Ä–Ω–∏–π –ø—Ä–æ—Ü–µ—Å—Å –∑–∞–≤–µ—Ä—à–∏–ª—Å—è —Å –∫–æ–¥–æ–º: 0

--- –ó–∞–ø—É—Å–∫ execle ---
–î–æ—á–µ—Ä–Ω–∏–π –ø—Ä–æ—Ü–µ—Å—Å [4598]: –ó–∞–ø—É—Å–∫ –∫–æ–º–∞–Ω–¥—ã 'ls -lh' —Å –∏—Å–ø–æ–ª—å–∑–æ–≤–∞–Ω–∏–µ–º execle –∏ –ø–æ–ª—å–∑–æ–≤–∞—Ç–µ–ª—å—Å–∫–æ–≥–æ –æ–∫—Ä—É–∂–µ–Ω–∏—è...
total 36K
-rwxrwxr-x 1 immortal immortal   48 Mar  6 16:22 2.3.sh
-rwxr-xr-x 1 root     root      17K Mar  6 16:22 exec
-rw-rw-r-- 1 immortal immortal 9.1K Mar  6 16:22 exec.c
–î–æ—á–µ—Ä–Ω–∏–π –ø—Ä–æ—Ü–µ—Å—Å –∑–∞–≤–µ—Ä—à–∏–ª—Å—è —Å –∫–æ–¥–æ–º: 0

--- –ó–∞–ø—É—Å–∫ execv ---
–î–æ—á–µ—Ä–Ω–∏–π –ø—Ä–æ—Ü–µ—Å—Å [4599]: –ó–∞–ø—É—Å–∫ –∫–æ–º–∞–Ω–¥—ã 'ls -R' —Å –∏—Å–ø–æ–ª—å–∑–æ–≤–∞–Ω–∏–µ–º execv...
.:
2.3.sh	exec  exec.c
–î–æ—á–µ—Ä–Ω–∏–π –ø—Ä–æ—Ü–µ—Å—Å –∑–∞–≤–µ—Ä—à–∏–ª—Å—è —Å –∫–æ–¥–æ–º: 0

--- –ó–∞–ø—É—Å–∫ execvp ---
–î–æ—á–µ—Ä–Ω–∏–π –ø—Ä–æ—Ü–µ—Å—Å [4600]: –ó–∞–ø—É—Å–∫ –∫–æ–º–∞–Ω–¥—ã 'ls -t' —Å –∏—Å–ø–æ–ª—å–∑–æ–≤–∞–Ω–∏–µ–º execvp...
exec  exec.c  2.3.sh
–î–æ—á–µ—Ä–Ω–∏–π –ø—Ä–æ—Ü–µ—Å—Å –∑–∞–≤–µ—Ä—à–∏–ª—Å—è —Å –∫–æ–¥–æ–º: 0

--- –ó–∞–ø—É—Å–∫ execve ---
–î–æ—á–µ—Ä–Ω–∏–π –ø—Ä–æ—Ü–µ—Å—Å [4601]: –ó–∞–ø—É—Å–∫ –∫–æ–º–∞–Ω–¥—ã 'ls -la' —Å –∏—Å–ø–æ–ª—å–∑–æ–≤–∞–Ω–∏–µ–º execve –∏ –ø–æ–ª—å–∑–æ–≤–∞—Ç–µ–ª—å—Å–∫–æ–≥–æ –æ–∫—Ä—É–∂–µ–Ω–∏—è...
total 44
drwxrwxr-x 2 immortal immortal  4096 Mar  6 16:22 .
drwxrwxr-x 6 immortal immortal  4096 Mar  6 16:13 ..
-rwxrwxr-x 1 immortal immortal    48 Mar  6 16:22 2.3.sh
-rwxr-xr-x 1 root     root     16888 Mar  6 16:22 exec
-rw-rw-r-- 1 immortal immortal  9294 Mar  6 16:22 exec.c
–î–æ—á–µ—Ä–Ω–∏–π –ø—Ä–æ—Ü–µ—Å—Å –∑–∞–≤–µ—Ä—à–∏–ª—Å—è —Å –∫–æ–¥–æ–º: 0

–í—Å–µ –¥–æ—á–µ—Ä–Ω–∏–µ –ø—Ä–æ—Ü–µ—Å—Å—ã –∑–∞–≤–µ—Ä—à–µ–Ω—ã.

[2025-03-06 16:22:40] –í—Ä–µ–º—è –≤—ã–ø–æ–ª–Ω–µ–Ω–∏—è –∑–∞–¥–∞–Ω–∏—è 2.3: 0 —Å–µ–∫—É–Ω–¥.

[2025-03-06 16:22:40] –û–±—â–µ–µ –≤—Ä–µ–º—è –≤—ã–ø–æ–ª–Ω–µ–Ω–∏—è —Å–∫—Ä–∏–ø—Ç–∞: 1 —Å–µ–∫—É–Ω–¥.
=================================================================
                      –û–¢–ß–Å–¢ –ó–ê–í–ï–†–®–Å–ù
=================================================================

[2025-03-06 16:22:40] –û—Å–Ω–æ–≤–Ω–æ–π –æ—Ç—á—ë—Ç —Å–æ—Ö—Ä–∞–Ω—ë–Ω –≤ —Ñ–∞–π–ª: lab_report.log

Script done on 2025-03-06 16:22:40+03:00 [COMMAND_EXIT_CODE="0"]
